2026-09-20 17:02:31.580 INFO   Freerouting v2.4.1 (build-date: 2026-09-03)
2026-09-20 17:02:31.582 DEBUG  [startup] user-data path : C:\Users\diode\Documents\KiCad\10.0\projects\esp32-4to20ma-board\routing\work\freerouting-user  (source: CLI argument --user_data_path)
2026-09-20 17:02:31.582 DEBUG  [startup] log file       : C:\Users\diode\Documents\KiCad\10.0\projects\esp32-4to20ma-board\routing\work\freerouting-user\freerouting.log
2026-09-20 17:02:31.583 DEBUG  No freerouting.json found at 'C:\Users\diode\Documents\KiCad\10.0\projects\esp32-4to20ma-board\routing\work\freerouting-user\freerouting.json' — will create one with default settings.
2026-09-20 17:02:31.619 DEBUG  Default settings saved to 'C:\Users\diode\Documents\KiCad\10.0\projects\esp32-4to20ma-board\routing\work\freerouting-user\freerouting.json'.
2026-09-20 17:02:31.635 DEBUG  Version: 2.4.1,2026-09-03
2026-09-20 17:02:31.635 DEBUG  Command line arguments: '--gui.enabled=false --user_data_path=C:\Users\diode\Documents\KiCad\10.0\projects\esp32-4to20ma-board\routing\work\freerouting-user --usage_and_diagnostic_data.disable_analytics=true --profile.allow_telemetry=false --router.fanout.enabled=false --router.max_passes=30 -de C:\Users\diode\Documents\KiCad\10.0\projects\esp32-4to20ma-board\routing\work\esp32-4to20ma-board.dsn -do C:\Users\diode\Documents\KiCad\10.0\projects\esp32-4to20ma-board\routing\work\esp32-4to20ma-board.ses'
2026-09-20 17:02:31.635 DEBUG  Architecture: Windows 11,amd64,10.0
2026-09-20 17:02:31.635 DEBUG  Java: 25.0.4.1,Eclipse Adoptium
2026-09-20 17:02:31.635 DEBUG  System Language: en,en_US
2026-09-20 17:02:31.636 DEBUG  Hardware: 24 CPU cores, 296133 CPU score, 8128 MB RAM
2026-09-20 17:02:31.636 DEBUG  UTC Time: 2026-09-20T21:02:31.619206700Z
2026-09-20 17:02:31.637 DEBUG  GUI Language: en_US
2026-09-20 17:02:31.637 DEBUG  Host: N/A
2026-09-20 17:02:31.640 DEBUG  Analytics are disabled
2026-09-20 17:02:32.747 DEBUG  Loaded router settings from: C:\Users\diode\Documents\KiCad\10.0\projects\esp32-4to20ma-board\routing\work\freerouting-user\freerouting.json
2026-09-20 17:02:32.749 DEBUG  Applied CLI router setting: router.fanout.enabled = false
2026-09-20 17:02:32.749 DEBUG  Applied CLI router setting: router.max_passes = 30
2026-09-20 17:02:32.749 DEBUG  Applied CLI router setting: router.enabled = true (implicit from -de/-do batch mode)
2026-09-20 17:02:32.750 DEBUG  No router settings found in environment variables
2026-09-20 17:02:32.796 DEBUG  Set DEFAULT clearance (all layers): 1500 (0.0375 mm) from DSN value 150.0
2026-09-20 17:02:32.799 DEBUG  Set clearance (all layers): smd_smd = 375 (0.009375 mm), classes [2,2]
2026-09-20 17:02:32.799 DEBUG  Set default trace width (all layers): DSN=200.0 → board=2000 (0.05 mm)
2026-09-20 17:02:32.814 DEBUG  Loaded router settings from DSN file: esp32-4to20ma-board.dsn (2 layers)
2026-09-20 17:02:32.824 DEBUG  Set DEFAULT clearance (all layers): 1500 (0.0375 mm) from DSN value 150.0
2026-09-20 17:02:32.824 DEBUG  Set clearance (all layers): smd_smd = 375 (0.009375 mm), classes [2,2]
2026-09-20 17:02:32.824 DEBUG  Set default trace width (all layers): DSN=200.0 → board=2000 (0.05 mm)
2026-09-20 17:02:32.828 DEBUG  Loaded router settings from DSN file: esp32-4to20ma-board.dsn (2 layers)
2026-09-20 17:02:32.829 DEBUG  Merging settings from 5 sources:
2026-09-20 17:02:32.829 DEBUG    - Default Settings (priority 0): base settings
2026-09-20 17:02:32.830 DEBUG    - freerouting.json (priority 10): 0 fields changed
2026-09-20 17:02:32.830 DEBUG    - DSN file: esp32-4to20ma-board.dsn (priority 20): 4 fields changed
2026-09-20 17:02:32.830 DEBUG    - Environment Variables (priority 55): 0 fields changed
2026-09-20 17:02:32.830 DEBUG    - CLI Arguments (priority 60): 2 fields changed
2026-09-20 17:02:32.831 DEBUG  Settings merged successfully from 5 source(s)
2026-09-20 17:02:33.010 DEBUG  No new version available. Current version is up to date: v2.4.1
2026-09-20 17:02:33.072 INFO   [3EC59B\D2B876] Loading board file 'esp32-4to20ma-board.dsn'...
2026-09-20 17:02:33.085 DEBUG  Set DEFAULT clearance (all layers): 1500 (0.0375 mm) from DSN value 150.0
2026-09-20 17:02:33.085 DEBUG  Set clearance (all layers): smd_smd = 375 (0.009375 mm), classes [2,2]
2026-09-20 17:02:33.085 DEBUG  Set default trace width (all layers): DSN=200.0 → board=2000 (0.05 mm)
2026-09-20 17:02:33.141 DEBUG  applyBoardSpecificOptimizations changed parameters:
  Layer 0: bendCost: null -> 0.0; preferredDirectionHorizontal: null -> false; undesiredDirectionTraceCost: 1.0 -> 2.5;
  Layer 1: bendCost: null -> 0.0; preferredDirectionHorizontal: null -> true; undesiredDirectionTraceCost: 1.0 -> 1.7000000000000002;
2026-09-20 17:02:33.143 DEBUG  Applied copper-to-edge clearance override: 500.0 um (5000 board units).
2026-09-20 17:02:33.152 DEBUG  Set DEFAULT clearance (all layers): 1500 (0.0375 mm) from DSN value 150.0
2026-09-20 17:02:33.152 DEBUG  Set clearance (all layers): smd_smd = 375 (0.009375 mm), classes [2,2]
2026-09-20 17:02:33.152 DEBUG  Set default trace width (all layers): DSN=200.0 → board=2000 (0.05 mm)
2026-09-20 17:02:33.153 DEBUG  Loaded router settings from DSN file: esp32-4to20ma-board.dsn (2 layers)
2026-09-20 17:02:33.159 DEBUG  Merging settings from 6 sources:
2026-09-20 17:02:33.159 DEBUG    - Default Settings (priority 0): base settings
2026-09-20 17:02:33.159 DEBUG    - freerouting.json (priority 10): 0 fields changed
2026-09-20 17:02:33.159 DEBUG    - DSN file: esp32-4to20ma-board.dsn (priority 20): 4 fields changed
2026-09-20 17:02:33.159 DEBUG    - Environment Variables (priority 55): 0 fields changed
2026-09-20 17:02:33.159 DEBUG    - CLI Arguments (priority 60): 2 fields changed
2026-09-20 17:02:33.159 DEBUG    - API Settings (priority 70): 24 fields changed
2026-09-20 17:02:33.159 DEBUG  Settings merged successfully from 6 source(s)
2026-09-20 17:02:33.159 DEBUG  applyBoardSpecificOptimizations changed parameters:
  Layer 0: undesiredDirectionTraceCost: 1.0 -> 2.5;
  Layer 1: undesiredDirectionTraceCost: 1.0 -> 1.7000000000000002;
2026-09-20 17:02:33.161 INFO   [3EC59B\D2B876] Job '3EC59B\D2B876' started at 2026-09-20T21:02:33.160373300Z.
2026-09-20 17:02:33.240 DEBUG  [3EC59B\D2B876] Checking fanout pre-pass. settings.fanout.enabled=false, smdPins=185
2026-09-20 17:02:33.263 INFO   [3EC59B\D2B876] Auto-routing stage started on board 'a51ae77d2634a5129f73999120cf3f38' for 45 unrouted items.
2026-09-20 17:02:33.650 DEBUG  Queuing item for routing: Via on net '+5V' (connected: 16/32)
2026-09-20 17:02:33.650 DEBUG  Queuing item for routing: Via on net '+5V' (connected: 3/32)
2026-09-20 17:02:33.654 DEBUG  Queuing item for routing: PolylineTrace on net '/MT_SW' (connected: 2/5)
2026-09-20 17:02:33.654 DEBUG  Queuing item for routing: PolylineTrace on net '/MT_SW' (connected: 1/5)
2026-09-20 17:02:33.654 DEBUG  Queuing item for routing: PolylineTrace on net '/USB_P' (connected: 9/14)
2026-09-20 17:02:33.654 DEBUG  Queuing item for routing: PolylineTrace on net '/USB_P' (connected: 4/14)
2026-09-20 17:02:33.654 DEBUG  Queuing item for routing: PolylineTrace on net '/LOOP_FB' (connected: 4/5)
2026-09-20 17:02:33.654 DEBUG  Queuing item for routing: PolylineTrace on net '/VIN_SW' (connected: 8/12)
2026-09-20 17:02:33.654 DEBUG  Queuing item for routing: PolylineTrace on net '/VIN_SW' (connected: 1/12)
2026-09-20 17:02:33.655 DEBUG  Queuing item for routing: PolylineTrace on net '/LOOP_DRV' (connected: 10/11)
2026-09-20 17:02:33.655 DEBUG  Queuing item for routing: PolylineTrace on net '+5V' (connected: 8/32)
2026-09-20 17:02:33.655 DEBUG  Queuing item for routing: PolylineTrace on net '+5V' (connected: 4/32)
2026-09-20 17:02:33.656 DEBUG  Queuing item for routing: PolylineTrace on net '+3V3' (connected: 22/29)
2026-09-20 17:02:33.656 DEBUG  Queuing item for routing: PolylineTrace on net '+3V3' (connected: 3/29)
2026-09-20 17:02:33.656 DEBUG  Queuing item for routing: PolylineTrace on net '+24V' (connected: 10/16)
2026-09-20 17:02:33.656 DEBUG  Queuing item for routing: PolylineTrace on net '+24V' (connected: 3/16)
2026-09-20 17:02:33.656 DEBUG  Queuing item for routing: PolylineTrace on net '+24V' (connected: 1/16)
2026-09-20 17:02:33.657 DEBUG  Queuing item for routing: PolylineTrace on net '/LOOP_V' (connected: 9/13)
2026-09-20 17:02:33.657 DEBUG  Queuing item for routing: PolylineTrace on net '/LOOP_V' (connected: 3/13)
2026-09-20 17:02:33.657 DEBUG  Queuing item for routing: PolylineTrace on net '/LOOP_RTN' (connected: 13/16)
2026-09-20 17:02:33.657 DEBUG  Queuing item for routing: PolylineTrace on net '/LOOP_RTN' (connected: 2/16)
2026-09-20 17:02:33.657 DEBUG  Queuing item for routing: Pin on net '/MT_SW' (connected: 1/5)
2026-09-20 17:02:33.657 DEBUG  Queuing item for routing: Pin on net '/MT_SW' (connected: 1/5)
2026-09-20 17:02:33.657 DEBUG  Queuing item for routing: Pin on net '/VIN_SW' (connected: 1/12)
2026-09-20 17:02:33.658 DEBUG  Queuing item for routing: Pin on net '/IO0' (connected: 1/3)
2026-09-20 17:02:33.658 DEBUG  Queuing item for routing: Pin on net '/MT_EN' (connected: 1/4)
2026-09-20 17:02:33.658 DEBUG  Queuing item for routing: Pin on net '/I2C_SCL' (connected: 1/3)
2026-09-20 17:02:33.658 DEBUG  Queuing item for routing: Pin on net '/USB_P' (connected: 1/14)
2026-09-20 17:02:33.658 DEBUG  Queuing item for routing: Pin on net '/I2C_SDA' (connected: 1/3)
2026-09-20 17:02:33.660 DEBUG  Queuing item for routing: Pin on net '/EN' (connected: 1/5)
2026-09-20 17:02:33.660 DEBUG  Queuing item for routing: Pin on net '+3V3' (connected: 1/29)
2026-09-20 17:02:33.660 DEBUG  Queuing item for routing: Pin on net '/LED_A' (connected: 1/2)
2026-09-20 17:02:33.660 DEBUG  Queuing item for routing: Pin on net '/VIN_SW' (connected: 1/12)
2026-09-20 17:02:33.660 DEBUG  Queuing item for routing: Pin on net '/VIN_SW' (connected: 1/12)
2026-09-20 17:02:33.660 DEBUG  Queuing item for routing: Pin on net '+5V' (connected: 1/32)
2026-09-20 17:02:33.660 DEBUG  Queuing item for routing: Pin on net '/SW_GATE' (connected: 1/4)
2026-09-20 17:02:33.660 DEBUG  Queuing item for routing: Pin on net '/LOOP_RTN' (connected: 1/16)
2026-09-20 17:02:33.660 DEBUG  Queuing item for routing: Pin on net '/LED_A' (connected: 1/2)
2026-09-20 17:02:33.660 DEBUG  Queuing item for routing: Pin on net '+3V3' (connected: 1/29)
2026-09-20 17:02:33.660 DEBUG  Queuing item for routing: Pin on net '/LOOP_C' (connected: 1/16)
2026-09-20 17:02:33.660 DEBUG  Queuing item for routing: Pin on net '+24V' (connected: 1/16)
2026-09-20 17:02:33.660 DEBUG  Queuing item for routing: Pin on net '/INA_VBUS' (connected: 1/2)
2026-09-20 17:02:33.660 DEBUG  Queuing item for routing: Pin on net '/I2C_SCL' (connected: 1/3)
2026-09-20 17:02:33.660 DEBUG  Queuing item for routing: Pin on net '/I2C_SDA' (connected: 1/3)
2026-09-20 17:02:33.661 DEBUG  Queuing item for routing: Pin on net '/EN' (connected: 1/5)
2026-09-20 17:02:33.661 DEBUG  Queuing item for routing: Pin on net '/SW_GATE' (connected: 1/4)
2026-09-20 17:02:33.661 DEBUG  Queuing item for routing: Pin on net '/SW_GATE' (connected: 1/4)
2026-09-20 17:02:33.661 DEBUG  Queuing item for routing: Pin on net '/I2C_SDA' (connected: 1/3)
2026-09-20 17:02:33.661 DEBUG  Queuing item for routing: Pin on net '/MT_EN' (connected: 1/4)
2026-09-20 17:02:33.661 DEBUG  Queuing item for routing: Pin on net '+3V3' (connected: 1/29)
2026-09-20 17:02:33.661 DEBUG  Queuing item for routing: Pin on net '/I2C_SCL' (connected: 1/3)
2026-09-20 17:02:33.661 DEBUG  Queuing item for routing: Pin on net '+3V3' (connected: 1/29)
2026-09-20 17:02:33.661 DEBUG  Queuing item for routing: Pin on net '/EN' (connected: 1/5)
2026-09-20 17:02:33.661 DEBUG  Queuing item for routing: Pin on net '/INA_VBUS' (connected: 1/2)
2026-09-20 17:02:33.661 DEBUG  Queuing item for routing: Pin on net '/LOOP_V' (connected: 1/13)
2026-09-20 17:02:33.661 DEBUG  Queuing item for routing: Pin on net '/SW_PD' (connected: 1/2)
2026-09-20 17:02:33.661 DEBUG  Queuing item for routing: Pin on net '/SW_GATE' (connected: 1/4)
2026-09-20 17:02:33.661 DEBUG  Queuing item for routing: Pin on net '/MT_EN' (connected: 1/4)
2026-09-20 17:02:33.661 DEBUG  Queuing item for routing: Pin on net '/EN' (connected: 1/5)
2026-09-20 17:02:33.661 DEBUG  Queuing item for routing: Pin on net '/EN' (connected: 1/5)
2026-09-20 17:02:33.661 DEBUG  Queuing item for routing: Pin on net '/IO0' (connected: 1/3)
2026-09-20 17:02:33.661 DEBUG  Queuing item for routing: Pin on net '/IO0' (connected: 1/3)
2026-09-20 17:02:33.661 DEBUG  Queuing item for routing: Pin on net '/LOOP_DRV' (connected: 1/11)
2026-09-20 17:02:33.661 DEBUG  Queuing item for routing: Pin on net '+24V' (connected: 1/16)
2026-09-20 17:02:33.662 DEBUG  Queuing item for routing: Pin on net '/LOOP_FB' (connected: 1/5)
2026-09-20 17:02:33.662 DEBUG  Queuing item for routing: Pin on net '/SW_PD' (connected: 1/2)
2026-09-20 17:02:33.662 DEBUG  Queuing item for routing: Pin on net '/MT_EN' (connected: 1/4)
2026-09-20 17:02:33.810 DEBUG  [3EC59B\D2B876] Pass #1: 45 incompletes across 67 items to route
2026-09-20 17:02:33.811 DEBUG  [3EC59B\D2B876]   Net '/LOOP_C' has 1 incomplete(s)
2026-09-20 17:02:33.811 DEBUG  [3EC59B\D2B876]   Net '/MT_EN' has 3 incomplete(s)
2026-09-20 17:02:33.811 DEBUG  [3EC59B\D2B876]   Net '/SW_PD' has 1 incomplete(s)
2026-09-20 17:02:33.811 DEBUG  [3EC59B\D2B876]   Net '/LOOP_RTN' has 2 incomplete(s)
2026-09-20 17:02:33.811 DEBUG  [3EC59B\D2B876]   Net '/LOOP_V' has 2 incomplete(s)
2026-09-20 17:02:33.811 DEBUG  [3EC59B\D2B876]   Net '/IO0' has 2 incomplete(s)
2026-09-20 17:02:33.811 DEBUG  [3EC59B\D2B876]   Net '+24V' has 3 incomplete(s)
2026-09-20 17:02:33.811 DEBUG  [3EC59B\D2B876]   Net '/SW_GATE' has 3 incomplete(s)
2026-09-20 17:02:33.811 DEBUG  [3EC59B\D2B876]   Net '+3V3' has 5 incomplete(s)
2026-09-20 17:02:33.811 DEBUG  [3EC59B\D2B876]   Net '/EN' has 4 incomplete(s)
2026-09-20 17:02:33.811 DEBUG  [3EC59B\D2B876]   Net '/I2C_SCL' has 2 incomplete(s)
2026-09-20 17:02:33.811 DEBUG  [3EC59B\D2B876]   Net '+5V' has 4 incomplete(s)
2026-09-20 17:02:33.811 DEBUG  [3EC59B\D2B876]   Net '/I2C_SDA' has 2 incomplete(s)
2026-09-20 17:02:33.812 DEBUG  [3EC59B\D2B876]   Net '/INA_VBUS' has 1 incomplete(s)
2026-09-20 17:02:33.812 DEBUG  [3EC59B\D2B876]   Net '/LOOP_DRV' has 1 incomplete(s)
2026-09-20 17:02:33.812 DEBUG  [3EC59B\D2B876]   Net '/VIN_SW' has 3 incomplete(s)
2026-09-20 17:02:33.812 DEBUG  [3EC59B\D2B876]   Net '/LOOP_FB' has 1 incomplete(s)
2026-09-20 17:02:33.812 DEBUG  [3EC59B\D2B876]   Net '/USB_P' has 2 incomplete(s)
2026-09-20 17:02:33.812 DEBUG  [3EC59B\D2B876]   Net '/LED_A' has 1 incomplete(s)
2026-09-20 17:02:33.812 DEBUG  [3EC59B\D2B876]   Net '/MT_SW' has 2 incomplete(s)
2026-09-20 17:02:33.855 DEBUG  ShapeSearchTree45Degree.completeShape: non-IntOctagon contained shape, using bounding octagon approximation
2026-09-20 17:02:33.857 DEBUG  ShapeSearchTree45Degree.completeShape: non-IntOctagon contained shape, using bounding octagon approximation
2026-09-20 17:02:33.938 DEBUG  ShapeSearchTree45Degree.completeShape: non-IntOctagon contained shape, using bounding octagon approximation
2026-09-20 17:02:33.941 DEBUG  ShapeSearchTree45Degree.completeShape: non-IntOctagon contained shape, using bounding octagon approximation
2026-09-20 17:02:33.980 DEBUG  FloatLine: one or both endpoints are null (degenerate line segment)
2026-09-20 17:02:34.063 DEBUG  FloatLine: one or both endpoints are null (degenerate line segment)
2026-09-20 17:02:34.327 DEBUG  ShapeSearchTree45Degree.completeShape: non-IntOctagon contained shape, using bounding octagon approximation
2026-09-20 17:02:34.349 DEBUG  ShapeSearchTree45Degree.completeShape: non-IntOctagon contained shape, using bounding octagon approximation
2026-09-20 17:02:34.374 DEBUG  ShapeSearchTree45Degree.completeShape: non-IntOctagon contained shape, using bounding octagon approximation
2026-09-20 17:02:34.406 DEBUG  FoundConnectionInserter: insert trace failed for net #10 at corner 16/16 on layer 0, trace width: 2000, from corner: 4, okPoint: (1095049,-537276), target: (1131000,-522700)
2026-09-20 17:02:34.425 DEBUG  [3EC59B\D2B876] Autorouter Failed to route connection between polylinetrace, pin #1 of component #55, pin of component #43, pin #5 of component #38, pin of component #32, pin of component #20, pin of component #19 and polylinetrace, polylinetrace, polylinetrace, polylinetrace, polylinetrace, polylinetrace, polylinetrace, polylinetrace, polylinetrace, polylinetrace, polylinetrace, polylinetrace, polylinetrace, polylinetrace, polylinetrace, pin of component #58, pin #4 of component #49, pin of component #33, pin of component #29, pin of component #21, pin of component #18, pin of component #10, because the new connection could not be inserted.
2026-09-20 17:02:34.428 DEBUG  ShapeSearchTree45Degree.completeShape: non-IntOctagon contained shape, using bounding octagon approximation
2026-09-20 17:02:34.428 DEBUG  ShapeSearchTree45Degree.completeShape: non-IntOctagon contained shape, using bounding octagon approximation
2026-09-20 17:02:34.428 DEBUG  ShapeSearchTree45Degree.completeShape: non-IntOctagon contained shape, using bounding octagon approximation
2026-09-20 17:02:34.428 DEBUG  ShapeSearchTree45Degree.completeShape: non-IntOctagon contained shape, using bounding octagon approximation
2026-09-20 17:02:34.641 DEBUG  FoundConnectionInserter: insert trace failed for net #10 at corner 37/37 on layer 0, trace width: 2000, from corner: 27, okPoint: (1075798,-1071498), target: (1038000,-960100)
2026-09-20 17:02:34.659 DEBUG  [3EC59B\D2B876] Autorouter Failed to route connection between polylinetrace, polylinetrace, polylinetrace, polylinetrace, polylinetrace, polylinetrace, polylinetrace, polylinetrace, polylinetrace, polylinetrace, polylinetrace, polylinetrace, polylinetrace, polylinetrace, polylinetrace, polylinetrace, pin of component #58, pin #1 of component #55, pin #4 of component #49, pin of component #43, pin of component #33, pin of component #29, pin of component #21, pin of component #20, pin of component #19, pin of component #18, pin of component #10 and polylinetrace, pin #5 of component #38, pin of component #32, because the new connection could not be inserted.
2026-09-20 17:02:34.694 DEBUG  ShapeSearchTree45Degree.completeShape: non-IntOctagon contained shape, using bounding octagon approximation
2026-09-20 17:02:34.715 DEBUG  ShapeSearchTree45Degree.completeShape: non-IntOctagon contained shape, using bounding octagon approximation
2026-09-20 17:02:34.733 DEBUG  ShapeSearchTree45Degree.completeShape: non-IntOctagon contained shape, using bounding octagon approximation
2026-09-20 17:02:35.031 DEBUG  ShapeSearchTree45Degree.completeShape: non-IntOctagon contained shape, using bounding octagon approximation
2026-09-20 17:02:35.031 DEBUG  ShapeSearchTree45Degree.completeShape: non-IntOctagon contained shape, using bounding octagon approximation
2026-09-20 17:02:35.518 DEBUG  ShapeSearchTree45Degree.completeShape: non-IntOctagon contained shape, using bounding octagon approximation
2026-09-20 17:02:35.518 DEBUG  ShapeSearchTree45Degree.completeShape: non-IntOctagon contained shape, using bounding octagon approximation
2026-09-20 17:02:35.518 DEBUG  ShapeSearchTree45Degree.completeShape: non-IntOctagon contained shape, using bounding octagon approximation
2026-09-20 17:02:35.518 DEBUG  ShapeSearchTree45Degree.completeShape: non-IntOctagon contained shape, using bounding octagon approximation
2026-09-20 17:02:35.518 DEBUG  ShapeSearchTree45Degree.completeShape: non-IntOctagon contained shape, using bounding octagon approximation
2026-09-20 17:02:35.672 DEBUG  ShapeSearchTree45Degree.completeShape: non-IntOctagon contained shape, using bounding octagon approximation
2026-09-20 17:02:35.673 DEBUG  ShapeSearchTree45Degree.completeShape: non-IntOctagon contained shape, using bounding octagon approximation
2026-09-20 17:02:35.754 DEBUG  ShapeSearchTree45Degree.completeShape: non-IntOctagon contained shape, using bounding octagon approximation
2026-09-20 17:02:35.754 DEBUG  ShapeSearchTree45Degree.completeShape: non-IntOctagon contained shape, using bounding octagon approximation
2026-09-20 17:02:35.755 DEBUG  ShapeSearchTree45Degree.completeShape: non-IntOctagon contained shape, using bounding octagon approximation
2026-09-20 17:02:35.755 DEBUG  ShapeSearchTree45Degree.completeShape: non-IntOctagon contained shape, using bounding octagon approximation
2026-09-20 17:02:35.755 DEBUG  ShapeSearchTree45Degree.completeShape: non-IntOctagon contained shape, using bounding octagon approximation
2026-09-20 17:02:36.075 DEBUG  ShapeSearchTree45Degree.completeShape: non-IntOctagon contained shape, using bounding octagon approximation
2026-09-20 17:02:36.075 DEBUG  ShapeSearchTree45Degree.completeShape: non-IntOctagon contained shape, using bounding octagon approximation
2026-09-20 17:02:36.617 DEBUG  ShapeSearchTree45Degree.completeShape: non-IntOctagon contained shape, using bounding octagon approximation
2026-09-20 17:02:36.618 DEBUG  ShapeSearchTree45Degree.completeShape: non-IntOctagon contained shape, using bounding octagon approximation
2026-09-20 17:02:36.618 DEBUG  ShapeSearchTree45Degree.completeShape: non-IntOctagon contained shape, using bounding octagon approximation
2026-09-20 17:02:36.618 DEBUG  ShapeSearchTree45Degree.completeShape: non-IntOctagon contained shape, using bounding octagon approximation
2026-09-20 17:02:36.619 DEBUG  ShapeSearchTree45Degree.completeShape: non-IntOctagon contained shape, using bounding octagon approximation
2026-09-20 17:02:36.879 DEBUG  ShapeSearchTree45Degree.completeShape: non-IntOctagon contained shape, using bounding octagon approximation
2026-09-20 17:02:36.879 DEBUG  ShapeSearchTree45Degree.completeShape: non-IntOctagon contained shape, using bounding octagon approximation
2026-09-20 17:02:36.879 DEBUG  ShapeSearchTree45Degree.completeShape: non-IntOctagon contained shape, using bounding octagon approximation
2026-09-20 17:02:36.880 DEBUG  ShapeSearchTree45Degree.completeShape: non-IntOctagon contained shape, using bounding octagon approximation
2026-09-20 17:02:36.880 DEBUG  ShapeSearchTree45Degree.completeShape: non-IntOctagon contained shape, using bounding octagon approximation
2026-09-20 17:02:37.190 DEBUG  FoundConnectionInserter: insert trace failed for net #11 at corner 32/32 on layer 0, trace width: 1000, from corner: 14, okPoint: (1091422,-513982), target: (1059500,-714000)
2026-09-20 17:02:37.204 DEBUG  [3EC59B\D2B876] Autorouter Failed to route connection between pin #2 of component #5, pin of component #5 and polylinetrace, polylinetrace, pin #2 of component #55, pin of component #31, pin #1 of component #18, because the new connection could not be inserted.
2026-09-20 17:02:37.331 DEBUG  FoundConnectionInserter: insert trace failed for net #11 at corner 35/35 on layer 0, trace width: 1000, from corner: 9, okPoint: (1064472,-540932), target: (1116402,-535400)
2026-09-20 17:02:37.345 DEBUG  [3EC59B\D2B876] Autorouter Failed to route connection between polylinetrace, polylinetrace, pin #2 of component #55, pin of component #31, pin #1 of component #18 and polylinetrace, polylinetrace, polylinetrace, pin #2 of component #5, pin of component #5, because the new connection could not be inserted.
2026-09-20 17:02:37.585 DEBUG  ShapeSearchTree45Degree.completeShape: non-IntOctagon contained shape, using bounding octagon approximation
2026-09-20 17:02:37.585 DEBUG  ShapeSearchTree45Degree.completeShape: non-IntOctagon contained shape, using bounding octagon approximation
2026-09-20 17:02:37.602 DEBUG  ShapeSearchTree45Degree.completeShape: non-IntOctagon contained shape, using bounding octagon approximation
2026-09-20 17:02:38.077 INFO   [3EC59B\D2B876] Auto-routing pass #1 on board 'a51ae77d2634a5129f73999120cf3f38' was completed in 4.43 seconds with score 847.88 (16 unrouted and 28 violations), using 3.69 CPU seconds and the job allocated 13.62 GB of memory so far.
2026-09-20 17:02:38.535 DEBUG  Queuing item for routing: Via on net '+5V' (connected: 16/33)
2026-09-20 17:02:38.535 DEBUG  Queuing item for routing: Via on net '+5V' (connected: 3/33)
2026-09-20 17:02:38.535 DEBUG  Queuing item for routing: PolylineTrace on net '/MT_SW' (connected: 2/7)
2026-09-20 17:02:38.535 DEBUG  Queuing item for routing: PolylineTrace on net '/MT_SW' (connected: 5/7)
2026-09-20 17:02:38.535 DEBUG  Queuing item for routing: PolylineTrace on net '/USB_P' (connected: 11/15)
2026-09-20 17:02:38.535 DEBUG  Queuing item for routing: PolylineTrace on net '/USB_P' (connected: 4/15)
2026-09-20 17:02:38.550 DEBUG  Queuing item for routing: PolylineTrace on net '/LOOP_FB' (connected: 4/5)
2026-09-20 17:02:38.550 DEBUG  Queuing item for routing: PolylineTrace on net '/VIN_SW' (connected: 14/15)
2026-09-20 17:02:38.551 DEBUG  Queuing item for routing: PolylineTrace on net '+5V' (connected: 10/33)
2026-09-20 17:02:38.551 DEBUG  Queuing item for routing: PolylineTrace on net '+5V' (connected: 4/33)
2026-09-20 17:02:38.551 DEBUG  Queuing item for routing: PolylineTrace on net '+3V3' (connected: 22/30)
2026-09-20 17:02:38.551 DEBUG  Queuing item for routing: PolylineTrace on net '+3V3' (connected: 3/30)
2026-09-20 17:02:38.551 DEBUG  Queuing item for routing: PolylineTrace on net '+24V' (connected: 12/19)
2026-09-20 17:02:38.552 DEBUG  Queuing item for routing: PolylineTrace on net '+24V' (connected: 7/19)
2026-09-20 17:02:38.552 DEBUG  Queuing item for routing: Pin on net '/I2C_SCL' (connected: 1/3)
2026-09-20 17:02:38.552 DEBUG  Queuing item for routing: Pin on net '/EN' (connected: 5/10)
2026-09-20 17:02:38.552 DEBUG  Queuing item for routing: Pin on net '+3V3' (connected: 1/30)
2026-09-20 17:02:38.552 DEBUG  Queuing item for routing: Pin on net '/VIN_SW' (connected: 1/15)
2026-09-20 17:02:38.552 DEBUG  Queuing item for routing: Pin on net '+3V3' (connected: 1/30)
2026-09-20 17:02:38.552 DEBUG  Queuing item for routing: Pin on net '/LOOP_C' (connected: 1/16)
2026-09-20 17:02:38.552 DEBUG  Queuing item for routing: Pin on net '/I2C_SCL' (connected: 1/3)
2026-09-20 17:02:38.552 DEBUG  Queuing item for routing: Pin on net '+3V3' (connected: 3/30)
2026-09-20 17:02:38.552 DEBUG  Queuing item for routing: Pin on net '/I2C_SCL' (connected: 1/3)
2026-09-20 17:02:38.552 DEBUG  Queuing item for routing: Pin on net '/EN' (connected: 5/10)
2026-09-20 17:02:38.552 DEBUG  Queuing item for routing: Pin on net '/LOOP_FB' (connected: 1/5)
2026-09-20 17:02:38.739 DEBUG  [3EC59B\D2B876] Pass #2: 16 incompletes across 25 items to route
2026-09-20 17:02:38.739 DEBUG  [3EC59B\D2B876]   Net '/LOOP_C' has 1 incomplete(s)
2026-09-20 17:02:38.739 DEBUG  [3EC59B\D2B876]   Net '+24V' has 1 incomplete(s)
2026-09-20 17:02:38.739 DEBUG  [3EC59B\D2B876]   Net '+3V3' has 4 incomplete(s)
2026-09-20 17:02:38.739 DEBUG  [3EC59B\D2B876]   Net '/EN' has 1 incomplete(s)
2026-09-20 17:02:38.739 DEBUG  [3EC59B\D2B876]   Net '/I2C_SCL' has 2 incomplete(s)
2026-09-20 17:02:38.739 DEBUG  [3EC59B\D2B876]   Net '+5V' has 3 incomplete(s)
2026-09-20 17:02:38.739 DEBUG  [3EC59B\D2B876]   Net '/VIN_SW' has 1 incomplete(s)
2026-09-20 17:02:38.739 DEBUG  [3EC59B\D2B876]   Net '/LOOP_FB' has 1 incomplete(s)
2026-09-20 17:02:38.739 DEBUG  [3EC59B\D2B876]   Net '/USB_P' has 1 incomplete(s)
2026-09-20 17:02:38.739 DEBUG  [3EC59B\D2B876]   Net '/MT_SW' has 1 incomplete(s)
2026-09-20 17:02:38.755 DEBUG  ShapeSearchTree45Degree.completeShape: non-IntOctagon contained shape, using bounding octagon approximation
2026-09-20 17:02:38.756 DEBUG  ShapeSearchTree45Degree.completeShape: non-IntOctagon contained shape, using bounding octagon approximation
2026-09-20 17:02:38.802 DEBUG  ShapeSearchTree45Degree.completeShape: non-IntOctagon contained shape, using bounding octagon approximation
2026-09-20 17:02:38.803 DEBUG  ShapeSearchTree45Degree.completeShape: non-IntOctagon contained shape, using bounding octagon approximation
2026-09-20 17:02:38.925 DEBUG  ShapeSearchTree45Degree.completeShape: non-IntOctagon contained shape, using bounding octagon approximation
2026-09-20 17:02:38.943 DEBUG  ShapeSearchTree45Degree.completeShape: non-IntOctagon contained shape, using bounding octagon approximation
2026-09-20 17:02:39.153 DEBUG  ShapeSearchTree45Degree.completeShape: non-IntOctagon contained shape, using bounding octagon approximation
2026-09-20 17:02:39.182 DEBUG  ShapeSearchTree45Degree.completeShape: non-IntOctagon contained shape, using bounding octagon approximation
2026-09-20 17:02:39.182 DEBUG  ShapeSearchTree45Degree.completeShape: non-IntOctagon contained shape, using bounding octagon approximation
2026-09-20 17:02:39.182 DEBUG  ShapeSearchTree45Degree.completeShape: non-IntOctagon contained shape, using bounding octagon approximation
2026-09-20 17:02:39.182 DEBUG  ShapeSearchTree45Degree.completeShape: non-IntOctagon contained shape, using bounding octagon approximation
2026-09-20 17:02:39.272 DEBUG  FoundConnectionInserter: insert trace failed for net #10 at corner 41/41 on layer 0, trace width: 2000, from corner: 31, okPoint: (1075798,-1071498), target: (1038000,-960100)
2026-09-20 17:02:39.290 DEBUG  [3EC59B\D2B876] Autorouter Failed to route connection between polylinetrace, polylinetrace, polylinetrace, polylinetrace, polylinetrace, polylinetrace, polylinetrace, polylinetrace, polylinetrace, polylinetrace, polylinetrace, polylinetrace, polylinetrace, polylinetrace, polylinetrace, polylinetrace, pin of component #58, pin #1 of component #55, pin #4 of component #49, pin of component #43, pin of component #33, pin of component #29, pin of component #21, pin of component #20, pin of component #19, pin of component #18, pin of component #10 and polylinetrace, pin #5 of component #38, pin of component #32, because the new connection could not be inserted.
2026-09-20 17:02:39.291 DEBUG  ShapeSearchTree45Degree.completeShape: non-IntOctagon contained shape, using bounding octagon approximation
2026-09-20 17:02:39.460 DEBUG  ShapeSearchTree45Degree.completeShape: non-IntOctagon contained shape, using bounding octagon approximation
2026-09-20 17:02:39.461 DEBUG  ShapeSearchTree45Degree.completeShape: non-IntOctagon contained shape, using bounding octagon approximation
2026-09-20 17:02:39.461 DEBUG  ShapeSearchTree45Degree.completeShape: non-IntOctagon contained shape, using bounding octagon approximation
2026-09-20 17:02:39.462 DEBUG  ShapeSearchTree45Degree.completeShape: non-IntOctagon contained shape, using bounding octagon approximation
2026-09-20 17:02:39.462 DEBUG  ShapeSearchTree45Degree.completeShape: non-IntOctagon contained shape, using bounding octagon approximation
2026-09-20 17:02:39.511 DEBUG  ShapeSearchTree45Degree.completeShape: non-IntOctagon contained shape, using bounding octagon approximation
2026-09-20 17:02:39.511 DEBUG  ShapeSearchTree45Degree.completeShape: non-IntOctagon contained shape, using bounding octagon approximation
2026-09-20 17:02:39.511 DEBUG  ShapeSearchTree45Degree.completeShape: non-IntOctagon contained shape, using bounding octagon approximation
2026-09-20 17:02:39.511 DEBUG  ShapeSearchTree45Degree.completeShape: non-IntOctagon contained shape, using bounding octagon approximation
2026-09-20 17:02:39.511 DEBUG  ShapeSearchTree45Degree.completeShape: non-IntOctagon contained shape, using bounding octagon approximation
2026-09-20 17:02:39.884 DEBUG  ShapeSearchTree45Degree.completeShape: non-IntOctagon contained shape, using bounding octagon approximation
2026-09-20 17:02:39.884 DEBUG  ShapeSearchTree45Degree.completeShape: non-IntOctagon contained shape, using bounding octagon approximation
2026-09-20 17:02:39.884 DEBUG  ShapeSearchTree45Degree.completeShape: non-IntOctagon contained shape, using bounding octagon approximation
2026-09-20 17:02:39.884 DEBUG  ShapeSearchTree45Degree.completeShape: non-IntOctagon contained shape, using bounding octagon approximation
2026-09-20 17:02:39.884 DEBUG  ShapeSearchTree45Degree.completeShape: non-IntOctagon contained shape, using bounding octagon approximation
2026-09-20 17:02:40.167 DEBUG  ShapeSearchTree45Degree.completeShape: non-IntOctagon contained shape, using bounding octagon approximation
2026-09-20 17:02:40.633 INFO   [3EC59B\D2B876] Auto-routing pass #2 on board '5f15085b5b24c09d624fb278127a7707' was completed in 2.10 seconds with score 883.09 (11 unrouted and 28 violations), using 6.53 CPU seconds and the job allocated 26.54 GB of memory so far.
2026-09-20 17:02:41.035 DEBUG  Queuing item for routing: Via on net '+5V' (connected: 16/33)
2026-09-20 17:02:41.035 DEBUG  Queuing item for routing: Via on net '+5V' (connected: 3/33)
2026-09-20 17:02:41.039 DEBUG  Queuing item for routing: PolylineTrace on net '/USB_P' (connected: 11/15)
2026-09-20 17:02:41.039 DEBUG  Queuing item for routing: PolylineTrace on net '/USB_P' (connected: 4/15)
2026-09-20 17:02:41.039 DEBUG  Queuing item for routing: PolylineTrace on net '/LOOP_FB' (connected: 4/5)
2026-09-20 17:02:41.039 DEBUG  Queuing item for routing: PolylineTrace on net '/VIN_SW' (connected: 14/15)
2026-09-20 17:02:41.040 DEBUG  Queuing item for routing: PolylineTrace on net '+5V' (connected: 10/33)
2026-09-20 17:02:41.040 DEBUG  Queuing item for routing: PolylineTrace on net '+5V' (connected: 4/33)
2026-09-20 17:02:41.040 DEBUG  Queuing item for routing: PolylineTrace on net '+3V3' (connected: 33/37)
2026-09-20 17:02:41.041 DEBUG  Queuing item for routing: PolylineTrace on net '+3V3' (connected: 3/37)
2026-09-20 17:02:41.042 DEBUG  Queuing item for routing: Pin on net '/MT_EN' (connected: 1/6)
2026-09-20 17:02:41.042 DEBUG  Queuing item for routing: Pin on net '/I2C_SDA' (connected: 3/4)
2026-09-20 17:02:41.043 DEBUG  Queuing item for routing: Pin on net '/VIN_SW' (connected: 1/15)
2026-09-20 17:02:41.043 DEBUG  Queuing item for routing: Pin on net '+3V3' (connected: 1/37)
2026-09-20 17:02:41.043 DEBUG  Queuing item for routing: Pin on net '/LOOP_C' (connected: 1/16)
2026-09-20 17:02:41.043 DEBUG  Queuing item for routing: Pin on net '/I2C_SDA' (connected: 1/4)
2026-09-20 17:02:41.043 DEBUG  Queuing item for routing: Pin on net '/MT_EN' (connected: 5/6)
2026-09-20 17:02:41.044 DEBUG  Queuing item for routing: Pin on net '/LOOP_FB' (connected: 1/5)
2026-09-20 17:02:41.232 DEBUG  [3EC59B\D2B876] Pass #3: 11 incompletes across 18 items to route
2026-09-20 17:02:41.232 DEBUG  [3EC59B\D2B876]   Net '/LOOP_C' has 1 incomplete(s)
2026-09-20 17:02:41.232 DEBUG  [3EC59B\D2B876]   Net '/MT_EN' has 1 incomplete(s)
2026-09-20 17:02:41.232 DEBUG  [3EC59B\D2B876]   Net '+3V3' has 2 incomplete(s)
2026-09-20 17:02:41.232 DEBUG  [3EC59B\D2B876]   Net '+5V' has 3 incomplete(s)
2026-09-20 17:02:41.232 DEBUG  [3EC59B\D2B876]   Net '/I2C_SDA' has 1 incomplete(s)
2026-09-20 17:02:41.232 DEBUG  [3EC59B\D2B876]   Net '/VIN_SW' has 1 incomplete(s)
2026-09-20 17:02:41.232 DEBUG  [3EC59B\D2B876]   Net '/LOOP_FB' has 1 incomplete(s)
2026-09-20 17:02:41.232 DEBUG  [3EC59B\D2B876]   Net '/USB_P' has 1 incomplete(s)
2026-09-20 17:02:41.245 DEBUG  ShapeSearchTree45Degree.completeShape: non-IntOctagon contained shape, using bounding octagon approximation
2026-09-20 17:02:41.245 DEBUG  ShapeSearchTree45Degree.completeShape: non-IntOctagon contained shape, using bounding octagon approximation
2026-09-20 17:02:41.284 DEBUG  ShapeSearchTree45Degree.completeShape: non-IntOctagon contained shape, using bounding octagon approximation
2026-09-20 17:02:41.284 DEBUG  ShapeSearchTree45Degree.completeShape: non-IntOctagon contained shape, using bounding octagon approximation
2026-09-20 17:02:41.367 DEBUG  ShapeSearchTree45Degree.completeShape: non-IntOctagon contained shape, using bounding octagon approximation
2026-09-20 17:02:41.391 DEBUG  ShapeSearchTree45Degree.completeShape: non-IntOctagon contained shape, using bounding octagon approximation
2026-09-20 17:02:41.410 DEBUG  ShapeSearchTree45Degree.completeShape: non-IntOctagon contained shape, using bounding octagon approximation
2026-09-20 17:02:41.433 DEBUG  PolylineTrace.normalize: max normalization depth (16) reached for trace #1703 on net 10 — stopping recursion, trace kept as-is.
2026-09-20 17:02:41.433 DEBUG  PolylineTrace.normalize: max normalization depth (16) reached for trace #1738 on net 10 — stopping recursion, trace kept as-is.
2026-09-20 17:02:41.449 DEBUG  PolylineTrace.normalize: max normalization depth (16) reached for trace #1775 on net 10 — stopping recursion, trace kept as-is.
2026-09-20 17:02:41.467 DEBUG  ShapeSearchTree45Degree.completeShape: non-IntOctagon contained shape, using bounding octagon approximation
2026-09-20 17:02:41.467 DEBUG  ShapeSearchTree45Degree.completeShape: non-IntOctagon contained shape, using bounding octagon approximation
2026-09-20 17:02:41.467 DEBUG  ShapeSearchTree45Degree.completeShape: non-IntOctagon contained shape, using bounding octagon approximation
2026-09-20 17:02:41.467 DEBUG  ShapeSearchTree45Degree.completeShape: non-IntOctagon contained shape, using bounding octagon approximation
2026-09-20 17:02:41.591 DEBUG  FoundConnectionInserter: insert trace failed for net #10 at corner 36/36 on layer 0, trace width: 2000, from corner: 26, okPoint: (1075798,-1071498), target: (1038000,-960100)
2026-09-20 17:02:41.611 DEBUG  [3EC59B\D2B876] Autorouter Failed to route connection between polylinetrace, via, polylinetrace, via, polylinetrace, polylinetrace, polylinetrace, polylinetrace, polylinetrace, polylinetrace, polylinetrace, polylinetrace, polylinetrace, polylinetrace, polylinetrace, polylinetrace, polylinetrace, polylinetrace, polylinetrace, polylinetrace, polylinetrace, polylinetrace, polylinetrace, pin of component #58, pin #1 of component #55, pin #4 of component #49, pin of component #43, pin of component #33, pin of component #29, pin of component #21, pin of component #20, pin of component #19, pin of component #18, pin of component #10 and polylinetrace, pin #5 of component #38, pin of component #32, because the new connection could not be inserted.
2026-09-20 17:02:41.613 DEBUG  [3EC59B\D2B876] Pass #3: Failed to route PolylineTrace on net '+3V3' (9 items remaining, 3 failures). State: FAILED
2026-09-20 17:02:42.141 DEBUG  ShapeSearchTree45Degree.completeShape: non-IntOctagon contained shape, using bounding octagon approximation
2026-09-20 17:02:42.141 DEBUG  ShapeSearchTree45Degree.completeShape: non-IntOctagon contained shape, using bounding octagon approximation
2026-09-20 17:02:42.141 DEBUG  ShapeSearchTree45Degree.completeShape: non-IntOctagon contained shape, using bounding octagon approximation
2026-09-20 17:02:42.141 DEBUG  ShapeSearchTree45Degree.completeShape: non-IntOctagon contained shape, using bounding octagon approximation
2026-09-20 17:02:42.141 DEBUG  ShapeSearchTree45Degree.completeShape: non-IntOctagon contained shape, using bounding octagon approximation
2026-09-20 17:02:42.250 DEBUG  ShapeSearchTree45Degree.completeShape: non-IntOctagon contained shape, using bounding octagon approximation
2026-09-20 17:02:42.766 INFO   [3EC59B\D2B876] Auto-routing pass #3 on board '36fa357396156538f061cf473c46905f' was completed in 1.73 seconds with score 911.26 (7 unrouted and 28 violations), using 8.45 CPU seconds and the job allocated 34.88 GB of memory so far.
2026-09-20 17:02:43.168 DEBUG  Queuing item for routing: Via on net '+5V' (connected: 16/33)
2026-09-20 17:02:43.168 DEBUG  Queuing item for routing: Via on net '+5V' (connected: 3/33)
2026-09-20 17:02:43.177 DEBUG  Queuing item for routing: PolylineTrace on net '/USB_P' (connected: 11/15)
2026-09-20 17:02:43.177 DEBUG  Queuing item for routing: PolylineTrace on net '/USB_P' (connected: 4/15)
2026-09-20 17:02:43.177 DEBUG  Queuing item for routing: PolylineTrace on net '/LOOP_FB' (connected: 4/5)
2026-09-20 17:02:43.177 DEBUG  Queuing item for routing: PolylineTrace on net '+5V' (connected: 10/33)
2026-09-20 17:02:43.178 DEBUG  Queuing item for routing: PolylineTrace on net '+5V' (connected: 4/33)
2026-09-20 17:02:43.178 DEBUG  Queuing item for routing: PolylineTrace on net '+3V3' (connected: 36/39)
2026-09-20 17:02:43.178 DEBUG  Queuing item for routing: PolylineTrace on net '+3V3' (connected: 3/39)
2026-09-20 17:02:43.178 DEBUG  Queuing item for routing: Pin on net '/LOOP_C' (connected: 1/16)
2026-09-20 17:02:43.178 DEBUG  Queuing item for routing: Pin on net '/LOOP_FB' (connected: 1/5)
2026-09-20 17:02:43.360 DEBUG  [3EC59B\D2B876] Pass #4: 7 incompletes across 11 items to route
2026-09-20 17:02:43.360 DEBUG  [3EC59B\D2B876]   Net '/LOOP_C' has 1 incomplete(s)
2026-09-20 17:02:43.360 DEBUG  [3EC59B\D2B876]   Net '+3V3' has 1 incomplete(s)
2026-09-20 17:02:43.360 DEBUG  [3EC59B\D2B876]   Net '+5V' has 3 incomplete(s)
2026-09-20 17:02:43.360 DEBUG  [3EC59B\D2B876]   Net '/LOOP_FB' has 1 incomplete(s)
2026-09-20 17:02:43.360 DEBUG  [3EC59B\D2B876]   Net '/USB_P' has 1 incomplete(s)
2026-09-20 17:02:43.364 DEBUG  ShapeSearchTree45Degree.completeShape: non-IntOctagon contained shape, using bounding octagon approximation
2026-09-20 17:02:43.364 DEBUG  ShapeSearchTree45Degree.completeShape: non-IntOctagon contained shape, using bounding octagon approximation
2026-09-20 17:02:43.411 DEBUG  ShapeSearchTree45Degree.completeShape: non-IntOctagon contained shape, using bounding octagon approximation
2026-09-20 17:02:43.411 DEBUG  ShapeSearchTree45Degree.completeShape: non-IntOctagon contained shape, using bounding octagon approximation
2026-09-20 17:02:43.487 DEBUG  ShapeSearchTree45Degree.completeShape: non-IntOctagon contained shape, using bounding octagon approximation
2026-09-20 17:02:43.502 DEBUG  ShapeSearchTree45Degree.completeShape: non-IntOctagon contained shape, using bounding octagon approximation
2026-09-20 17:02:43.519 DEBUG  ShapeSearchTree45Degree.completeShape: non-IntOctagon contained shape, using bounding octagon approximation
2026-09-20 17:02:43.842 DEBUG  ShapeSearchTree45Degree.completeShape: non-IntOctagon contained shape, using bounding octagon approximation
2026-09-20 17:02:44.295 INFO   [3EC59B\D2B876] Auto-routing pass #4 on board '29cb3e7ff941da13c32f057078c7e3d8' was completed in 1.13 seconds with score 918.30 (6 unrouted and 28 violations), using 10.44 CPU seconds and the job allocated 44.41 GB of memory so far.
2026-09-20 17:02:44.725 DEBUG  Queuing item for routing: Via on net '+5V' (connected: 16/33)
2026-09-20 17:02:44.725 DEBUG  Queuing item for routing: Via on net '+5V' (connected: 3/33)
2026-09-20 17:02:44.730 DEBUG  Queuing item for routing: PolylineTrace on net '/USB_P' (connected: 11/15)
2026-09-20 17:02:44.730 DEBUG  Queuing item for routing: PolylineTrace on net '/USB_P' (connected: 4/15)
2026-09-20 17:02:44.730 DEBUG  Queuing item for routing: PolylineTrace on net '/LOOP_FB' (connected: 4/5)
2026-09-20 17:02:44.730 DEBUG  Queuing item for routing: PolylineTrace on net '+5V' (connected: 10/33)
2026-09-20 17:02:44.730 DEBUG  Queuing item for routing: PolylineTrace on net '+5V' (connected: 4/33)
2026-09-20 17:02:44.732 DEBUG  Queuing item for routing: Pin on net '/LOOP_C' (connected: 1/16)
2026-09-20 17:02:44.733 DEBUG  Queuing item for routing: Pin on net '/LOOP_FB' (connected: 1/5)
2026-09-20 17:02:44.916 DEBUG  [3EC59B\D2B876] Pass #5: 6 incompletes across 9 items to route
2026-09-20 17:02:44.916 DEBUG  [3EC59B\D2B876]   Net '/LOOP_C' has 1 incomplete(s)
2026-09-20 17:02:44.916 DEBUG  [3EC59B\D2B876]   Net '+5V' has 3 incomplete(s)
2026-09-20 17:02:44.916 DEBUG  [3EC59B\D2B876]   Net '/LOOP_FB' has 1 incomplete(s)
2026-09-20 17:02:44.916 DEBUG  [3EC59B\D2B876]   Net '/USB_P' has 1 incomplete(s)
2026-09-20 17:02:44.916 DEBUG  ShapeSearchTree45Degree.completeShape: non-IntOctagon contained shape, using bounding octagon approximation
2026-09-20 17:02:44.916 DEBUG  ShapeSearchTree45Degree.completeShape: non-IntOctagon contained shape, using bounding octagon approximation
2026-09-20 17:02:44.964 DEBUG  ShapeSearchTree45Degree.completeShape: non-IntOctagon contained shape, using bounding octagon approximation
2026-09-20 17:02:44.964 DEBUG  ShapeSearchTree45Degree.completeShape: non-IntOctagon contained shape, using bounding octagon approximation
2026-09-20 17:02:45.043 DEBUG  ShapeSearchTree45Degree.completeShape: non-IntOctagon contained shape, using bounding octagon approximation
2026-09-20 17:02:45.059 DEBUG  ShapeSearchTree45Degree.completeShape: non-IntOctagon contained shape, using bounding octagon approximation
2026-09-20 17:02:45.098 DEBUG  ShapeSearchTree45Degree.completeShape: non-IntOctagon contained shape, using bounding octagon approximation
2026-09-20 17:02:45.581 INFO   [3EC59B\D2B876] Auto-routing pass #5 on board 'da77cbf130e84df13bf935acef2e274b' was completed in 0.86 seconds with score 918.30 (6 unrouted and 28 violations), using 11.38 CPU seconds and the job allocated 49.31 GB of memory so far.
2026-09-20 17:02:45.791 DEBUG  Queuing item for routing: Via on net '+5V' (connected: 16/33)
2026-09-20 17:02:45.791 DEBUG  Queuing item for routing: Via on net '+5V' (connected: 3/33)
2026-09-20 17:02:45.795 DEBUG  Queuing item for routing: PolylineTrace on net '/USB_P' (connected: 11/15)
2026-09-20 17:02:45.795 DEBUG  Queuing item for routing: PolylineTrace on net '/USB_P' (connected: 4/15)
2026-09-20 17:02:45.795 DEBUG  Queuing item for routing: PolylineTrace on net '/LOOP_FB' (connected: 4/5)
2026-09-20 17:02:45.796 DEBUG  Queuing item for routing: PolylineTrace on net '+5V' (connected: 10/33)
2026-09-20 17:02:45.796 DEBUG  Queuing item for routing: PolylineTrace on net '+5V' (connected: 4/33)
2026-09-20 17:02:45.798 DEBUG  Queuing item for routing: Pin on net '/LOOP_C' (connected: 1/16)
2026-09-20 17:02:45.798 DEBUG  Queuing item for routing: Pin on net '/LOOP_FB' (connected: 1/5)
2026-09-20 17:02:45.976 DEBUG  [3EC59B\D2B876] Pass #6: 6 incompletes across 9 items to route
2026-09-20 17:02:45.976 DEBUG  [3EC59B\D2B876]   Net '/LOOP_C' has 1 incomplete(s)
2026-09-20 17:02:45.976 DEBUG  [3EC59B\D2B876]   Net '+5V' has 3 incomplete(s)
2026-09-20 17:02:45.976 DEBUG  [3EC59B\D2B876]   Net '/LOOP_FB' has 1 incomplete(s)
2026-09-20 17:02:45.976 DEBUG  [3EC59B\D2B876]   Net '/USB_P' has 1 incomplete(s)
2026-09-20 17:02:45.991 DEBUG  ShapeSearchTree45Degree.completeShape: non-IntOctagon contained shape, using bounding octagon approximation
2026-09-20 17:02:45.991 DEBUG  ShapeSearchTree45Degree.completeShape: non-IntOctagon contained shape, using bounding octagon approximation
2026-09-20 17:02:46.023 DEBUG  ShapeSearchTree45Degree.completeShape: non-IntOctagon contained shape, using bounding octagon approximation
2026-09-20 17:02:46.023 DEBUG  ShapeSearchTree45Degree.completeShape: non-IntOctagon contained shape, using bounding octagon approximation
2026-09-20 17:02:46.110 DEBUG  ShapeSearchTree45Degree.completeShape: non-IntOctagon contained shape, using bounding octagon approximation
2026-09-20 17:02:46.135 DEBUG  ShapeSearchTree45Degree.completeShape: non-IntOctagon contained shape, using bounding octagon approximation
2026-09-20 17:02:46.187 DEBUG  ShapeSearchTree45Degree.completeShape: non-IntOctagon contained shape, using bounding octagon approximation
2026-09-20 17:02:46.655 INFO   [3EC59B\D2B876] Auto-routing pass #6 on board 'da77cbf130e84df13bf935acef2e274b' was completed in 0.86 seconds with score 918.30 (6 unrouted and 28 violations), using 12.27 CPU seconds and the job allocated 54.05 GB of memory so far.
2026-09-20 17:02:46.859 DEBUG  Queuing item for routing: Via on net '+5V' (connected: 16/33)
2026-09-20 17:02:46.860 DEBUG  Queuing item for routing: Via on net '+5V' (connected: 3/33)
2026-09-20 17:02:46.863 DEBUG  Queuing item for routing: PolylineTrace on net '/USB_P' (connected: 11/15)
2026-09-20 17:02:46.863 DEBUG  Queuing item for routing: PolylineTrace on net '/USB_P' (connected: 4/15)
2026-09-20 17:02:46.863 DEBUG  Queuing item for routing: PolylineTrace on net '/LOOP_FB' (connected: 4/5)
2026-09-20 17:02:46.864 DEBUG  Queuing item for routing: PolylineTrace on net '+5V' (connected: 10/33)
2026-09-20 17:02:46.864 DEBUG  Queuing item for routing: PolylineTrace on net '+5V' (connected: 4/33)
2026-09-20 17:02:46.866 DEBUG  Queuing item for routing: Pin on net '/LOOP_C' (connected: 1/16)
2026-09-20 17:02:46.866 DEBUG  Queuing item for routing: Pin on net '/LOOP_FB' (connected: 1/5)
2026-09-20 17:02:47.047 DEBUG  [3EC59B\D2B876] Pass #7: 6 incompletes across 9 items to route
2026-09-20 17:02:47.047 DEBUG  [3EC59B\D2B876]   Net '/LOOP_C' has 1 incomplete(s)
2026-09-20 17:02:47.047 DEBUG  [3EC59B\D2B876]   Net '+5V' has 3 incomplete(s)
2026-09-20 17:02:47.047 DEBUG  [3EC59B\D2B876]   Net '/LOOP_FB' has 1 incomplete(s)
2026-09-20 17:02:47.047 DEBUG  [3EC59B\D2B876]   Net '/USB_P' has 1 incomplete(s)
2026-09-20 17:02:47.063 DEBUG  ShapeSearchTree45Degree.completeShape: non-IntOctagon contained shape, using bounding octagon approximation
2026-09-20 17:02:47.063 DEBUG  ShapeSearchTree45Degree.completeShape: non-IntOctagon contained shape, using bounding octagon approximation
2026-09-20 17:02:47.099 DEBUG  ShapeSearchTree45Degree.completeShape: non-IntOctagon contained shape, using bounding octagon approximation
2026-09-20 17:02:47.099 DEBUG  ShapeSearchTree45Degree.completeShape: non-IntOctagon contained shape, using bounding octagon approximation
2026-09-20 17:02:47.174 DEBUG  ShapeSearchTree45Degree.completeShape: non-IntOctagon contained shape, using bounding octagon approximation
2026-09-20 17:02:47.197 DEBUG  ShapeSearchTree45Degree.completeShape: non-IntOctagon contained shape, using bounding octagon approximation
2026-09-20 17:02:47.234 DEBUG  ShapeSearchTree45Degree.completeShape: non-IntOctagon contained shape, using bounding octagon approximation
2026-09-20 17:02:47.765 INFO   [3EC59B\D2B876] Auto-routing pass #7 on board 'da77cbf130e84df13bf935acef2e274b' was completed in 0.90 seconds with score 918.30 (6 unrouted and 28 violations), using 13.22 CPU seconds and the job allocated 59.11 GB of memory so far.
2026-09-20 17:02:47.982 DEBUG  Queuing item for routing: Via on net '+5V' (connected: 16/33)
2026-09-20 17:02:47.982 DEBUG  Queuing item for routing: Via on net '+5V' (connected: 3/33)
2026-09-20 17:02:47.982 DEBUG  Queuing item for routing: PolylineTrace on net '/USB_P' (connected: 11/15)
2026-09-20 17:02:47.982 DEBUG  Queuing item for routing: PolylineTrace on net '/USB_P' (connected: 4/15)
2026-09-20 17:02:47.982 DEBUG  Queuing item for routing: PolylineTrace on net '/LOOP_FB' (connected: 4/5)
2026-09-20 17:02:47.982 DEBUG  Queuing item for routing: PolylineTrace on net '+5V' (connected: 10/33)
2026-09-20 17:02:47.982 DEBUG  Queuing item for routing: PolylineTrace on net '+5V' (connected: 4/33)
2026-09-20 17:02:47.982 DEBUG  Queuing item for routing: Pin on net '/LOOP_C' (connected: 1/16)
2026-09-20 17:02:47.982 DEBUG  Queuing item for routing: Pin on net '/LOOP_FB' (connected: 1/5)
2026-09-20 17:02:48.182 DEBUG  [3EC59B\D2B876] Pass #8: 6 incompletes across 9 items to route
2026-09-20 17:02:48.182 DEBUG  [3EC59B\D2B876]   Net '/LOOP_C' has 1 incomplete(s)
2026-09-20 17:02:48.182 DEBUG  [3EC59B\D2B876]   Net '+5V' has 3 incomplete(s)
2026-09-20 17:02:48.182 DEBUG  [3EC59B\D2B876]   Net '/LOOP_FB' has 1 incomplete(s)
2026-09-20 17:02:48.182 DEBUG  [3EC59B\D2B876]   Net '/USB_P' has 1 incomplete(s)
2026-09-20 17:02:48.200 DEBUG  ShapeSearchTree45Degree.completeShape: non-IntOctagon contained shape, using bounding octagon approximation
2026-09-20 17:02:48.207 DEBUG  ShapeSearchTree45Degree.completeShape: non-IntOctagon contained shape, using bounding octagon approximation
2026-09-20 17:02:48.283 DEBUG  ShapeSearchTree45Degree.completeShape: non-IntOctagon contained shape, using bounding octagon approximation
2026-09-20 17:02:48.283 DEBUG  ShapeSearchTree45Degree.completeShape: non-IntOctagon contained shape, using bounding octagon approximation
2026-09-20 17:02:48.398 DEBUG  ShapeSearchTree45Degree.completeShape: non-IntOctagon contained shape, using bounding octagon approximation
2026-09-20 17:02:48.416 DEBUG  ShapeSearchTree45Degree.completeShape: non-IntOctagon contained shape, using bounding octagon approximation
2026-09-20 17:02:48.451 DEBUG  ShapeSearchTree45Degree.completeShape: non-IntOctagon contained shape, using bounding octagon approximation
2026-09-20 17:02:49.032 INFO   [3EC59B\D2B876] Auto-routing pass #8 on board 'da77cbf130e84df13bf935acef2e274b' was completed in 1.05 seconds with score 918.30 (6 unrouted and 28 violations), using 14.22 CPU seconds and the job allocated 63.25 GB of memory so far.
2026-09-20 17:02:49.304 DEBUG  Queuing item for routing: Via on net '+5V' (connected: 16/33)
2026-09-20 17:02:49.304 DEBUG  Queuing item for routing: Via on net '+5V' (connected: 3/33)
2026-09-20 17:02:49.316 DEBUG  Queuing item for routing: PolylineTrace on net '/USB_P' (connected: 11/15)
2026-09-20 17:02:49.316 DEBUG  Queuing item for routing: PolylineTrace on net '/USB_P' (connected: 4/15)
2026-09-20 17:02:49.316 DEBUG  Queuing item for routing: PolylineTrace on net '/LOOP_FB' (connected: 4/5)
2026-09-20 17:02:49.316 DEBUG  Queuing item for routing: PolylineTrace on net '+5V' (connected: 10/33)
2026-09-20 17:02:49.316 DEBUG  Queuing item for routing: PolylineTrace on net '+5V' (connected: 4/33)
2026-09-20 17:02:49.316 DEBUG  Queuing item for routing: Pin on net '/LOOP_C' (connected: 1/16)
2026-09-20 17:02:49.316 DEBUG  Queuing item for routing: Pin on net '/LOOP_FB' (connected: 1/5)
2026-09-20 17:02:49.632 DEBUG  [3EC59B\D2B876] Pass #9: 6 incompletes across 9 items to route
2026-09-20 17:02:49.632 DEBUG  [3EC59B\D2B876]   Net '/LOOP_C' has 1 incomplete(s)
2026-09-20 17:02:49.632 DEBUG  [3EC59B\D2B876]   Net '+5V' has 3 incomplete(s)
2026-09-20 17:02:49.632 DEBUG  [3EC59B\D2B876]   Net '/LOOP_FB' has 1 incomplete(s)
2026-09-20 17:02:49.632 DEBUG  [3EC59B\D2B876]   Net '/USB_P' has 1 incomplete(s)
2026-09-20 17:02:49.649 DEBUG  ShapeSearchTree45Degree.completeShape: non-IntOctagon contained shape, using bounding octagon approximation
2026-09-20 17:02:49.649 DEBUG  ShapeSearchTree45Degree.completeShape: non-IntOctagon contained shape, using bounding octagon approximation
2026-09-20 17:02:49.682 DEBUG  ShapeSearchTree45Degree.completeShape: non-IntOctagon contained shape, using bounding octagon approximation
2026-09-20 17:02:49.682 DEBUG  ShapeSearchTree45Degree.completeShape: non-IntOctagon contained shape, using bounding octagon approximation
2026-09-20 17:02:49.764 DEBUG  ShapeSearchTree45Degree.completeShape: non-IntOctagon contained shape, using bounding octagon approximation
2026-09-20 17:02:49.782 DEBUG  ShapeSearchTree45Degree.completeShape: non-IntOctagon contained shape, using bounding octagon approximation
2026-09-20 17:02:49.815 DEBUG  ShapeSearchTree45Degree.completeShape: non-IntOctagon contained shape, using bounding octagon approximation
2026-09-20 17:02:50.269 INFO   [3EC59B\D2B876] Auto-routing pass #9 on board 'da77cbf130e84df13bf935acef2e274b' was completed in 0.97 seconds with score 918.30 (6 unrouted and 28 violations), using 15.14 CPU seconds and the job allocated 67.24 GB of memory so far.
2026-09-20 17:02:50.556 DEBUG  Queuing item for routing: Via on net '+5V' (connected: 16/33)
2026-09-20 17:02:50.556 DEBUG  Queuing item for routing: Via on net '+5V' (connected: 3/33)
2026-09-20 17:02:50.557 DEBUG  Queuing item for routing: PolylineTrace on net '/USB_P' (connected: 11/15)
2026-09-20 17:02:50.557 DEBUG  Queuing item for routing: PolylineTrace on net '/USB_P' (connected: 4/15)
2026-09-20 17:02:50.557 DEBUG  Queuing item for routing: PolylineTrace on net '/LOOP_FB' (connected: 4/5)
2026-09-20 17:02:50.557 DEBUG  Queuing item for routing: PolylineTrace on net '+5V' (connected: 10/33)
2026-09-20 17:02:50.557 DEBUG  Queuing item for routing: PolylineTrace on net '+5V' (connected: 4/33)
2026-09-20 17:02:50.557 DEBUG  Queuing item for routing: Pin on net '/LOOP_C' (connected: 1/16)
2026-09-20 17:02:50.557 DEBUG  Queuing item for routing: Pin on net '/LOOP_FB' (connected: 1/5)
2026-09-20 17:02:50.749 DEBUG  [3EC59B\D2B876] Pass #10: 6 incompletes across 9 items to route
2026-09-20 17:02:50.749 DEBUG  [3EC59B\D2B876]   Net '/LOOP_C' has 1 incomplete(s)
2026-09-20 17:02:50.749 DEBUG  [3EC59B\D2B876]   Net '+5V' has 3 incomplete(s)
2026-09-20 17:02:50.749 DEBUG  [3EC59B\D2B876]   Net '/LOOP_FB' has 1 incomplete(s)
2026-09-20 17:02:50.749 DEBUG  [3EC59B\D2B876]   Net '/USB_P' has 1 incomplete(s)
2026-09-20 17:02:50.765 DEBUG  ShapeSearchTree45Degree.completeShape: non-IntOctagon contained shape, using bounding octagon approximation
2026-09-20 17:02:50.765 DEBUG  ShapeSearchTree45Degree.completeShape: non-IntOctagon contained shape, using bounding octagon approximation
2026-09-20 17:02:50.799 DEBUG  ShapeSearchTree45Degree.completeShape: non-IntOctagon contained shape, using bounding octagon approximation
2026-09-20 17:02:50.799 DEBUG  ShapeSearchTree45Degree.completeShape: non-IntOctagon contained shape, using bounding octagon approximation
2026-09-20 17:02:50.882 DEBUG  ShapeSearchTree45Degree.completeShape: non-IntOctagon contained shape, using bounding octagon approximation
2026-09-20 17:02:50.899 DEBUG  ShapeSearchTree45Degree.completeShape: non-IntOctagon contained shape, using bounding octagon approximation
2026-09-20 17:02:50.932 DEBUG  ShapeSearchTree45Degree.completeShape: non-IntOctagon contained shape, using bounding octagon approximation
2026-09-20 17:02:51.432 INFO   [3EC59B\D2B876] Auto-routing pass #10 on board 'da77cbf130e84df13bf935acef2e274b' was completed in 0.88 seconds with score 918.30 (6 unrouted and 28 violations), using 17.05 CPU seconds and the job allocated 76.05 GB of memory so far.
2026-09-20 17:02:51.670 DEBUG  Queuing item for routing: Via on net '+5V' (connected: 16/33)
2026-09-20 17:02:51.670 DEBUG  Queuing item for routing: Via on net '+5V' (connected: 3/33)
2026-09-20 17:02:51.670 DEBUG  Queuing item for routing: PolylineTrace on net '/USB_P' (connected: 11/15)
2026-09-20 17:02:51.670 DEBUG  Queuing item for routing: PolylineTrace on net '/USB_P' (connected: 4/15)
2026-09-20 17:02:51.670 DEBUG  Queuing item for routing: PolylineTrace on net '/LOOP_FB' (connected: 4/5)
2026-09-20 17:02:51.682 DEBUG  Queuing item for routing: PolylineTrace on net '+5V' (connected: 10/33)
2026-09-20 17:02:51.682 DEBUG  Queuing item for routing: PolylineTrace on net '+5V' (connected: 4/33)
2026-09-20 17:02:51.685 DEBUG  Queuing item for routing: Pin on net '/LOOP_C' (connected: 1/16)
2026-09-20 17:02:51.686 DEBUG  Queuing item for routing: Pin on net '/LOOP_FB' (connected: 1/5)
2026-09-20 17:02:51.887 DEBUG  [3EC59B\D2B876] Pass #11: 6 incompletes across 9 items to route
2026-09-20 17:02:51.887 DEBUG  [3EC59B\D2B876]   Net '/LOOP_C' has 1 incomplete(s)
2026-09-20 17:02:51.887 DEBUG  [3EC59B\D2B876]   Net '+5V' has 3 incomplete(s)
2026-09-20 17:02:51.887 DEBUG  [3EC59B\D2B876]   Net '/LOOP_FB' has 1 incomplete(s)
2026-09-20 17:02:51.887 DEBUG  [3EC59B\D2B876]   Net '/USB_P' has 1 incomplete(s)
2026-09-20 17:02:51.897 DEBUG  ShapeSearchTree45Degree.completeShape: non-IntOctagon contained shape, using bounding octagon approximation
2026-09-20 17:02:51.898 DEBUG  ShapeSearchTree45Degree.completeShape: non-IntOctagon contained shape, using bounding octagon approximation
2026-09-20 17:02:51.932 DEBUG  ShapeSearchTree45Degree.completeShape: non-IntOctagon contained shape, using bounding octagon approximation
2026-09-20 17:02:51.932 DEBUG  ShapeSearchTree45Degree.completeShape: non-IntOctagon contained shape, using bounding octagon approximation
2026-09-20 17:02:52.016 DEBUG  ShapeSearchTree45Degree.completeShape: non-IntOctagon contained shape, using bounding octagon approximation
2026-09-20 17:02:52.042 DEBUG  ShapeSearchTree45Degree.completeShape: non-IntOctagon contained shape, using bounding octagon approximation
2026-09-20 17:02:52.082 DEBUG  ShapeSearchTree45Degree.completeShape: non-IntOctagon contained shape, using bounding octagon approximation
2026-09-20 17:02:52.633 INFO   [3EC59B\D2B876] Auto-routing pass #11 on board 'da77cbf130e84df13bf935acef2e274b' was completed in 0.96 seconds with score 918.30 (6 unrouted and 28 violations), using 18.00 CPU seconds and the job allocated 80.68 GB of memory so far.
2026-09-20 17:02:52.865 DEBUG  Queuing item for routing: Via on net '+5V' (connected: 16/33)
2026-09-20 17:02:52.865 DEBUG  Queuing item for routing: Via on net '+5V' (connected: 3/33)
2026-09-20 17:02:52.865 DEBUG  Queuing item for routing: PolylineTrace on net '/USB_P' (connected: 11/15)
2026-09-20 17:02:52.865 DEBUG  Queuing item for routing: PolylineTrace on net '/USB_P' (connected: 4/15)
2026-09-20 17:02:52.865 DEBUG  Queuing item for routing: PolylineTrace on net '/LOOP_FB' (connected: 4/5)
2026-09-20 17:02:52.865 DEBUG  Queuing item for routing: PolylineTrace on net '+5V' (connected: 10/33)
2026-09-20 17:02:52.865 DEBUG  Queuing item for routing: PolylineTrace on net '+5V' (connected: 4/33)
2026-09-20 17:02:52.882 DEBUG  Queuing item for routing: Pin on net '/LOOP_C' (connected: 1/16)
2026-09-20 17:02:52.882 DEBUG  Queuing item for routing: Pin on net '/LOOP_FB' (connected: 1/5)
2026-09-20 17:02:53.082 DEBUG  [3EC59B\D2B876] Pass #12: 6 incompletes across 9 items to route
2026-09-20 17:02:53.082 DEBUG  [3EC59B\D2B876]   Net '/LOOP_C' has 1 incomplete(s)
2026-09-20 17:02:53.082 DEBUG  [3EC59B\D2B876]   Net '+5V' has 3 incomplete(s)
2026-09-20 17:02:53.082 DEBUG  [3EC59B\D2B876]   Net '/LOOP_FB' has 1 incomplete(s)
2026-09-20 17:02:53.082 DEBUG  [3EC59B\D2B876]   Net '/USB_P' has 1 incomplete(s)
2026-09-20 17:02:53.103 DEBUG  ShapeSearchTree45Degree.completeShape: non-IntOctagon contained shape, using bounding octagon approximation
2026-09-20 17:02:53.103 DEBUG  ShapeSearchTree45Degree.completeShape: non-IntOctagon contained shape, using bounding octagon approximation
2026-09-20 17:02:53.165 DEBUG  ShapeSearchTree45Degree.completeShape: non-IntOctagon contained shape, using bounding octagon approximation
2026-09-20 17:02:53.165 DEBUG  ShapeSearchTree45Degree.completeShape: non-IntOctagon contained shape, using bounding octagon approximation
2026-09-20 17:02:53.242 DEBUG  ShapeSearchTree45Degree.completeShape: non-IntOctagon contained shape, using bounding octagon approximation
2026-09-20 17:02:53.265 DEBUG  ShapeSearchTree45Degree.completeShape: non-IntOctagon contained shape, using bounding octagon approximation
2026-09-20 17:02:53.298 DEBUG  ShapeSearchTree45Degree.completeShape: non-IntOctagon contained shape, using bounding octagon approximation
2026-09-20 17:02:53.765 INFO   [3EC59B\D2B876] Auto-routing pass #12 on board 'da77cbf130e84df13bf935acef2e274b' was completed in 0.90 seconds with score 918.30 (6 unrouted and 28 violations), using 18.94 CPU seconds and the job allocated 84.95 GB of memory so far.
2026-09-20 17:02:54.065 DEBUG  Queuing item for routing: Via on net '+5V' (connected: 16/33)
2026-09-20 17:02:54.065 DEBUG  Queuing item for routing: Via on net '+5V' (connected: 3/33)
2026-09-20 17:02:54.065 DEBUG  Queuing item for routing: PolylineTrace on net '/USB_P' (connected: 11/15)
2026-09-20 17:02:54.065 DEBUG  Queuing item for routing: PolylineTrace on net '/USB_P' (connected: 4/15)
2026-09-20 17:02:54.065 DEBUG  Queuing item for routing: PolylineTrace on net '/LOOP_FB' (connected: 4/5)
2026-09-20 17:02:54.065 DEBUG  Queuing item for routing: PolylineTrace on net '+5V' (connected: 10/33)
2026-09-20 17:02:54.065 DEBUG  Queuing item for routing: PolylineTrace on net '+5V' (connected: 4/33)
2026-09-20 17:02:54.082 DEBUG  Queuing item for routing: Pin on net '/LOOP_C' (connected: 1/16)
2026-09-20 17:02:54.082 DEBUG  Queuing item for routing: Pin on net '/LOOP_FB' (connected: 1/5)
2026-09-20 17:02:54.325 DEBUG  [3EC59B\D2B876] Pass #13: 6 incompletes across 9 items to route
2026-09-20 17:02:54.325 DEBUG  [3EC59B\D2B876]   Net '/LOOP_C' has 1 incomplete(s)
2026-09-20 17:02:54.325 DEBUG  [3EC59B\D2B876]   Net '+5V' has 3 incomplete(s)
2026-09-20 17:02:54.325 DEBUG  [3EC59B\D2B876]   Net '/LOOP_FB' has 1 incomplete(s)
2026-09-20 17:02:54.325 DEBUG  [3EC59B\D2B876]   Net '/USB_P' has 1 incomplete(s)
2026-09-20 17:02:54.332 DEBUG  ShapeSearchTree45Degree.completeShape: non-IntOctagon contained shape, using bounding octagon approximation
2026-09-20 17:02:54.332 DEBUG  ShapeSearchTree45Degree.completeShape: non-IntOctagon contained shape, using bounding octagon approximation
2026-09-20 17:02:54.393 DEBUG  ShapeSearchTree45Degree.completeShape: non-IntOctagon contained shape, using bounding octagon approximation
2026-09-20 17:02:54.393 DEBUG  ShapeSearchTree45Degree.completeShape: non-IntOctagon contained shape, using bounding octagon approximation
2026-09-20 17:02:54.482 DEBUG  ShapeSearchTree45Degree.completeShape: non-IntOctagon contained shape, using bounding octagon approximation
2026-09-20 17:02:54.515 DEBUG  ShapeSearchTree45Degree.completeShape: non-IntOctagon contained shape, using bounding octagon approximation
2026-09-20 17:02:54.581 DEBUG  ShapeSearchTree45Degree.completeShape: non-IntOctagon contained shape, using bounding octagon approximation
2026-09-20 17:02:55.098 INFO   [3EC59B\D2B876] Auto-routing pass #13 on board 'da77cbf130e84df13bf935acef2e274b' was completed in 1.03 seconds with score 918.30 (6 unrouted and 28 violations), using 19.89 CPU seconds and the job allocated 88.92 GB of memory so far.
2026-09-20 17:02:55.313 DEBUG  Queuing item for routing: Via on net '+5V' (connected: 16/33)
2026-09-20 17:02:55.313 DEBUG  Queuing item for routing: Via on net '+5V' (connected: 3/33)
2026-09-20 17:02:55.315 DEBUG  Queuing item for routing: PolylineTrace on net '/USB_P' (connected: 11/15)
2026-09-20 17:02:55.315 DEBUG  Queuing item for routing: PolylineTrace on net '/USB_P' (connected: 4/15)
2026-09-20 17:02:55.315 DEBUG  Queuing item for routing: PolylineTrace on net '/LOOP_FB' (connected: 4/5)
2026-09-20 17:02:55.315 DEBUG  Queuing item for routing: PolylineTrace on net '+5V' (connected: 10/33)
2026-09-20 17:02:55.315 DEBUG  Queuing item for routing: PolylineTrace on net '+5V' (connected: 4/33)
2026-09-20 17:02:55.321 DEBUG  Queuing item for routing: Pin on net '/LOOP_C' (connected: 1/16)
2026-09-20 17:02:55.321 DEBUG  Queuing item for routing: Pin on net '/LOOP_FB' (connected: 1/5)
2026-09-20 17:02:55.498 DEBUG  [3EC59B\D2B876] Pass #14: 6 incompletes across 9 items to route
2026-09-20 17:02:55.498 DEBUG  [3EC59B\D2B876]   Net '/LOOP_C' has 1 incomplete(s)
2026-09-20 17:02:55.498 DEBUG  [3EC59B\D2B876]   Net '+5V' has 3 incomplete(s)
2026-09-20 17:02:55.498 DEBUG  [3EC59B\D2B876]   Net '/LOOP_FB' has 1 incomplete(s)
2026-09-20 17:02:55.498 DEBUG  [3EC59B\D2B876]   Net '/USB_P' has 1 incomplete(s)
2026-09-20 17:02:55.522 DEBUG  ShapeSearchTree45Degree.completeShape: non-IntOctagon contained shape, using bounding octagon approximation
2026-09-20 17:02:55.522 DEBUG  ShapeSearchTree45Degree.completeShape: non-IntOctagon contained shape, using bounding octagon approximation
2026-09-20 17:02:55.564 DEBUG  ShapeSearchTree45Degree.completeShape: non-IntOctagon contained shape, using bounding octagon approximation
2026-09-20 17:02:55.564 DEBUG  ShapeSearchTree45Degree.completeShape: non-IntOctagon contained shape, using bounding octagon approximation
2026-09-20 17:02:55.640 DEBUG  ShapeSearchTree45Degree.completeShape: non-IntOctagon contained shape, using bounding octagon approximation
2026-09-20 17:02:55.657 DEBUG  ShapeSearchTree45Degree.completeShape: non-IntOctagon contained shape, using bounding octagon approximation
2026-09-20 17:02:55.681 DEBUG  ShapeSearchTree45Degree.completeShape: non-IntOctagon contained shape, using bounding octagon approximation
2026-09-20 17:02:56.250 INFO   [3EC59B\D2B876] Auto-routing pass #14 on board 'da77cbf130e84df13bf935acef2e274b' was completed in 0.94 seconds with score 918.30 (6 unrouted and 28 violations), using 20.86 CPU seconds and the job allocated 93.37 GB of memory so far.
2026-09-20 17:02:56.569 DEBUG  Queuing item for routing: Via on net '+5V' (connected: 16/33)
2026-09-20 17:02:56.569 DEBUG  Queuing item for routing: Via on net '+5V' (connected: 3/33)
2026-09-20 17:02:56.581 DEBUG  Queuing item for routing: PolylineTrace on net '/USB_P' (connected: 11/15)
2026-09-20 17:02:56.581 DEBUG  Queuing item for routing: PolylineTrace on net '/USB_P' (connected: 4/15)
2026-09-20 17:02:56.581 DEBUG  Queuing item for routing: PolylineTrace on net '/LOOP_FB' (connected: 4/5)
2026-09-20 17:02:56.581 DEBUG  Queuing item for routing: PolylineTrace on net '+5V' (connected: 10/33)
2026-09-20 17:02:56.581 DEBUG  Queuing item for routing: PolylineTrace on net '+5V' (connected: 4/33)
2026-09-20 17:02:56.581 DEBUG  Queuing item for routing: Pin on net '/LOOP_C' (connected: 1/16)
2026-09-20 17:02:56.581 DEBUG  Queuing item for routing: Pin on net '/LOOP_FB' (connected: 1/5)
2026-09-20 17:02:56.764 DEBUG  [3EC59B\D2B876] Pass #15: 6 incompletes across 9 items to route
2026-09-20 17:02:56.764 DEBUG  [3EC59B\D2B876]   Net '/LOOP_C' has 1 incomplete(s)
2026-09-20 17:02:56.764 DEBUG  [3EC59B\D2B876]   Net '+5V' has 3 incomplete(s)
2026-09-20 17:02:56.764 DEBUG  [3EC59B\D2B876]   Net '/LOOP_FB' has 1 incomplete(s)
2026-09-20 17:02:56.764 DEBUG  [3EC59B\D2B876]   Net '/USB_P' has 1 incomplete(s)
2026-09-20 17:02:56.781 DEBUG  ShapeSearchTree45Degree.completeShape: non-IntOctagon contained shape, using bounding octagon approximation
2026-09-20 17:02:56.781 DEBUG  ShapeSearchTree45Degree.completeShape: non-IntOctagon contained shape, using bounding octagon approximation
2026-09-20 17:02:56.831 DEBUG  ShapeSearchTree45Degree.completeShape: non-IntOctagon contained shape, using bounding octagon approximation
2026-09-20 17:02:56.831 DEBUG  ShapeSearchTree45Degree.completeShape: non-IntOctagon contained shape, using bounding octagon approximation
2026-09-20 17:02:56.914 DEBUG  ShapeSearchTree45Degree.completeShape: non-IntOctagon contained shape, using bounding octagon approximation
2026-09-20 17:02:56.946 DEBUG  ShapeSearchTree45Degree.completeShape: non-IntOctagon contained shape, using bounding octagon approximation
2026-09-20 17:02:56.981 DEBUG  ShapeSearchTree45Degree.completeShape: non-IntOctagon contained shape, using bounding octagon approximation
2026-09-20 17:02:57.447 INFO   [3EC59B\D2B876] Auto-routing pass #15 on board 'da77cbf130e84df13bf935acef2e274b' was completed in 0.88 seconds with score 918.30 (6 unrouted and 28 violations), using 22.75 CPU seconds and the job allocated 102.16 GB of memory so far.
2026-09-20 17:02:57.648 DEBUG  Queuing item for routing: Via on net '+5V' (connected: 16/33)
2026-09-20 17:02:57.648 DEBUG  Queuing item for routing: Via on net '+5V' (connected: 3/33)
2026-09-20 17:02:57.648 DEBUG  Queuing item for routing: PolylineTrace on net '/USB_P' (connected: 11/15)
2026-09-20 17:02:57.648 DEBUG  Queuing item for routing: PolylineTrace on net '/USB_P' (connected: 4/15)
2026-09-20 17:02:57.648 DEBUG  Queuing item for routing: PolylineTrace on net '/LOOP_FB' (connected: 4/5)
2026-09-20 17:02:57.648 DEBUG  Queuing item for routing: PolylineTrace on net '+5V' (connected: 10/33)
2026-09-20 17:02:57.648 DEBUG  Queuing item for routing: PolylineTrace on net '+5V' (connected: 4/33)
2026-09-20 17:02:57.648 DEBUG  Queuing item for routing: Pin on net '/LOOP_C' (connected: 1/16)
2026-09-20 17:02:57.648 DEBUG  Queuing item for routing: Pin on net '/LOOP_FB' (connected: 1/5)
2026-09-20 17:02:57.849 DEBUG  [3EC59B\D2B876] Pass #16: 6 incompletes across 9 items to route
2026-09-20 17:02:57.849 DEBUG  [3EC59B\D2B876]   Net '/LOOP_C' has 1 incomplete(s)
2026-09-20 17:02:57.849 DEBUG  [3EC59B\D2B876]   Net '+5V' has 3 incomplete(s)
2026-09-20 17:02:57.849 DEBUG  [3EC59B\D2B876]   Net '/LOOP_FB' has 1 incomplete(s)
2026-09-20 17:02:57.849 DEBUG  [3EC59B\D2B876]   Net '/USB_P' has 1 incomplete(s)
2026-09-20 17:02:57.849 DEBUG  ShapeSearchTree45Degree.completeShape: non-IntOctagon contained shape, using bounding octagon approximation
2026-09-20 17:02:57.849 DEBUG  ShapeSearchTree45Degree.completeShape: non-IntOctagon contained shape, using bounding octagon approximation
2026-09-20 17:02:57.897 DEBUG  ShapeSearchTree45Degree.completeShape: non-IntOctagon contained shape, using bounding octagon approximation
2026-09-20 17:02:57.897 DEBUG  ShapeSearchTree45Degree.completeShape: non-IntOctagon contained shape, using bounding octagon approximation
2026-09-20 17:02:57.964 DEBUG  ShapeSearchTree45Degree.completeShape: non-IntOctagon contained shape, using bounding octagon approximation
2026-09-20 17:02:57.981 DEBUG  ShapeSearchTree45Degree.completeShape: non-IntOctagon contained shape, using bounding octagon approximation
2026-09-20 17:02:58.026 DEBUG  ShapeSearchTree45Degree.completeShape: non-IntOctagon contained shape, using bounding octagon approximation
2026-09-20 17:02:58.580 INFO   [3EC59B\D2B876] Auto-routing pass #16 on board 'da77cbf130e84df13bf935acef2e274b' was completed in 0.93 seconds with score 918.30 (6 unrouted and 28 violations), using 23.73 CPU seconds and the job allocated 106.89 GB of memory so far.
2026-09-20 17:02:58.729 DEBUG  Queuing item for routing: Via on net '+5V' (connected: 16/33)
2026-09-20 17:02:58.729 DEBUG  Queuing item for routing: Via on net '+5V' (connected: 3/33)
2026-09-20 17:02:58.732 DEBUG  Queuing item for routing: PolylineTrace on net '/USB_P' (connected: 11/15)
2026-09-20 17:02:58.732 DEBUG  Queuing item for routing: PolylineTrace on net '/USB_P' (connected: 4/15)
2026-09-20 17:02:58.732 DEBUG  Queuing item for routing: PolylineTrace on net '/LOOP_FB' (connected: 4/5)
2026-09-20 17:02:58.732 DEBUG  Queuing item for routing: PolylineTrace on net '+5V' (connected: 10/33)
2026-09-20 17:02:58.732 DEBUG  Queuing item for routing: PolylineTrace on net '+5V' (connected: 4/33)
2026-09-20 17:02:58.734 DEBUG  Queuing item for routing: Pin on net '/LOOP_C' (connected: 1/16)
2026-09-20 17:02:58.734 DEBUG  Queuing item for routing: Pin on net '/LOOP_FB' (connected: 1/5)
2026-09-20 17:02:58.867 DEBUG  [3EC59B\D2B876] Pass #17: 6 incompletes across 9 items to route
2026-09-20 17:02:58.867 DEBUG  [3EC59B\D2B876]   Net '/LOOP_C' has 1 incomplete(s)
2026-09-20 17:02:58.867 DEBUG  [3EC59B\D2B876]   Net '+5V' has 3 incomplete(s)
2026-09-20 17:02:58.867 DEBUG  [3EC59B\D2B876]   Net '/LOOP_FB' has 1 incomplete(s)
2026-09-20 17:02:58.867 DEBUG  [3EC59B\D2B876]   Net '/USB_P' has 1 incomplete(s)
2026-09-20 17:02:58.873 DEBUG  ShapeSearchTree45Degree.completeShape: non-IntOctagon contained shape, using bounding octagon approximation
2026-09-20 17:02:58.873 DEBUG  ShapeSearchTree45Degree.completeShape: non-IntOctagon contained shape, using bounding octagon approximation
2026-09-20 17:02:58.902 DEBUG  ShapeSearchTree45Degree.completeShape: non-IntOctagon contained shape, using bounding octagon approximation
2026-09-20 17:02:58.902 DEBUG  ShapeSearchTree45Degree.completeShape: non-IntOctagon contained shape, using bounding octagon approximation
2026-09-20 17:02:58.950 DEBUG  ShapeSearchTree45Degree.completeShape: non-IntOctagon contained shape, using bounding octagon approximation
2026-09-20 17:02:58.961 DEBUG  ShapeSearchTree45Degree.completeShape: non-IntOctagon contained shape, using bounding octagon approximation
2026-09-20 17:02:58.985 DEBUG  ShapeSearchTree45Degree.completeShape: non-IntOctagon contained shape, using bounding octagon approximation
2026-09-20 17:02:59.292 INFO   [3EC59B\D2B876] Auto-routing pass #17 on board 'da77cbf130e84df13bf935acef2e274b' was completed in 0.56 seconds with score 918.30 (6 unrouted and 28 violations), using 23.73 CPU seconds and the job allocated 106.89 GB of memory so far.
2026-09-20 17:02:59.430 DEBUG  Queuing item for routing: Via on net '+5V' (connected: 16/33)
2026-09-20 17:02:59.430 DEBUG  Queuing item for routing: Via on net '+5V' (connected: 3/33)
2026-09-20 17:02:59.434 DEBUG  Queuing item for routing: PolylineTrace on net '/USB_P' (connected: 11/15)
2026-09-20 17:02:59.434 DEBUG  Queuing item for routing: PolylineTrace on net '/USB_P' (connected: 4/15)
2026-09-20 17:02:59.434 DEBUG  Queuing item for routing: PolylineTrace on net '/LOOP_FB' (connected: 4/5)
2026-09-20 17:02:59.434 DEBUG  Queuing item for routing: PolylineTrace on net '+5V' (connected: 10/33)
2026-09-20 17:02:59.434 DEBUG  Queuing item for routing: PolylineTrace on net '+5V' (connected: 4/33)
2026-09-20 17:02:59.435 DEBUG  Queuing item for routing: Pin on net '/LOOP_C' (connected: 1/16)
2026-09-20 17:02:59.436 DEBUG  Queuing item for routing: Pin on net '/LOOP_FB' (connected: 1/5)
2026-09-20 17:02:59.560 DEBUG  [3EC59B\D2B876] Pass #18: 6 incompletes across 9 items to route
2026-09-20 17:02:59.560 DEBUG  [3EC59B\D2B876]   Net '/LOOP_C' has 1 incomplete(s)
2026-09-20 17:02:59.560 DEBUG  [3EC59B\D2B876]   Net '+5V' has 3 incomplete(s)
2026-09-20 17:02:59.560 DEBUG  [3EC59B\D2B876]   Net '/LOOP_FB' has 1 incomplete(s)
2026-09-20 17:02:59.560 DEBUG  [3EC59B\D2B876]   Net '/USB_P' has 1 incomplete(s)
2026-09-20 17:02:59.566 DEBUG  ShapeSearchTree45Degree.completeShape: non-IntOctagon contained shape, using bounding octagon approximation
2026-09-20 17:02:59.566 DEBUG  ShapeSearchTree45Degree.completeShape: non-IntOctagon contained shape, using bounding octagon approximation
2026-09-20 17:02:59.597 DEBUG  ShapeSearchTree45Degree.completeShape: non-IntOctagon contained shape, using bounding octagon approximation
2026-09-20 17:02:59.597 DEBUG  ShapeSearchTree45Degree.completeShape: non-IntOctagon contained shape, using bounding octagon approximation
2026-09-20 17:02:59.645 DEBUG  ShapeSearchTree45Degree.completeShape: non-IntOctagon contained shape, using bounding octagon approximation
2026-09-20 17:02:59.657 DEBUG  ShapeSearchTree45Degree.completeShape: non-IntOctagon contained shape, using bounding octagon approximation
2026-09-20 17:02:59.680 DEBUG  ShapeSearchTree45Degree.completeShape: non-IntOctagon contained shape, using bounding octagon approximation
2026-09-20 17:02:59.979 INFO   [3EC59B\D2B876] Auto-routing pass #18 on board 'da77cbf130e84df13bf935acef2e274b' was completed in 0.55 seconds with score 918.30 (6 unrouted and 28 violations), using 24.75 CPU seconds and the job allocated 113.56 GB of memory so far.
2026-09-20 17:03:00.001 INFO   [3EC59B\D2B876] The router's score (918.30) has not improved by more than 0.5 points in the last 10 passes (6 items still unconnected). Stopping the auto-router.
The following connections could not be routed -- please review your design (e.g. check pad clearances, trace width rules, and available routing space):
  Net '/LOOP_C' (1 unrouted connection):
    - D4-2  ->  conductionarea
  Net '+5V' (3 unrouted connections):
    - C12-1  ->  Q3-2
    - via  ->  D1-5
    - J1-A4B9  ->  J1-B4A9
  Net '/LOOP_FB' (1 unrouted connection):
    - R18-2  ->  Q2-1
  Net '/USB_P' (1 unrouted connection):
    - J1-A6  ->  J1-B6
2026-09-20 17:03:00.127 DEBUG  === Performance Profile ===
2026-09-20 17:03:00.127 DEBUG  === Routing Parameters ===
2026-09-20 17:03:00.127 DEBUG    Via Costs: 50, Plane Via Costs: 5
2026-09-20 17:03:00.127 DEBUG    Layer Costs (Preferred / Against):
2026-09-20 17:03:00.127 DEBUG      Layer 1: 1.0 / 2.5
2026-09-20 17:03:00.127 DEBUG      Layer 2: 1.0 / 1.7
2026-09-20 17:03:00.127 DEBUG  
2026-09-20 17:03:00.128 DEBUG    autoroute_item                          :     2849 ms total,      247 calls,     11 ms avg
2026-09-20 17:03:00.128 DEBUG  
2026-09-20 17:03:00.128 DEBUG  === Pass History ===
2026-09-20 17:03:00.128 DEBUG    Pass 1  :   16 unrouted items,     4.26 s,   100 ripup cost
2026-09-20 17:03:00.128 DEBUG    Pass 2  :   11 unrouted items,     1.90 s,   200 ripup cost
2026-09-20 17:03:00.128 DEBUG    Pass 3  :    7 unrouted items,     1.55 s,   300 ripup cost
2026-09-20 17:03:00.128 DEBUG    Pass 4  :    6 unrouted items,     0.93 s,   400 ripup cost
2026-09-20 17:03:00.128 DEBUG    Pass 5  :    6 unrouted items,     0.66 s,   500 ripup cost
2026-09-20 17:03:00.128 DEBUG    Pass 6  :    6 unrouted items,     0.67 s,   600 ripup cost
2026-09-20 17:03:00.128 DEBUG    Pass 7  :    6 unrouted items,     0.69 s,   700 ripup cost
2026-09-20 17:03:00.128 DEBUG    Pass 8  :    6 unrouted items,     0.82 s,   800 ripup cost
2026-09-20 17:03:00.128 DEBUG    Pass 9  :    6 unrouted items,     0.78 s,   900 ripup cost
2026-09-20 17:03:00.128 DEBUG    Pass 10 :    6 unrouted items,     0.68 s,  1000 ripup cost
2026-09-20 17:03:00.128 DEBUG    Pass 11 :    6 unrouted items,     0.70 s,  1100 ripup cost
2026-09-20 17:03:00.128 DEBUG    Pass 12 :    6 unrouted items,     0.70 s,  1200 ripup cost
2026-09-20 17:03:00.128 DEBUG    Pass 13 :    6 unrouted items,     0.83 s,  1300 ripup cost
2026-09-20 17:03:00.128 DEBUG    Pass 14 :    6 unrouted items,     0.69 s,  1400 ripup cost
2026-09-20 17:03:00.128 DEBUG    Pass 15 :    6 unrouted items,     0.68 s,  1500 ripup cost
2026-09-20 17:03:00.128 DEBUG    Pass 16 :    6 unrouted items,     0.72 s,  1600 ripup cost
2026-09-20 17:03:00.128 DEBUG    Pass 17 :    6 unrouted items,     0.44 s,  1700 ripup cost
2026-09-20 17:03:00.128 DEBUG    Pass 18 :    6 unrouted items,     0.43 s,  1800 ripup cost
2026-09-20 17:03:00.128 DEBUG  ===========================
2026-09-20 17:03:00.257 INFO   [3EC59B\D2B876] Auto-routing stage completed: started with 45 unrouted nets, completed in 26.93 seconds, final score: 918.30 (6 unrouted and 28 violations), using 24.75 total CPU seconds, 113.56 GB total allocated, and 521.7 MB peak heap usage.
2026-09-20 17:03:00.259 DEBUG  [3EC59B\D2B876] Before optimization: Via count: 63, trace length: 6006648
2026-09-20 17:03:00.383 INFO   [3EC59B\D2B876] Optimization stage started on board 'da77cbf130e84df13bf935acef2e274b' with score 918.30 (6 unrouted and 28 violations).
2026-09-20 17:03:13.117 INFO   [3EC59B\D2B876] Optimizer pass #1 on board '6d9ae88096dc3ca5f99afd53a965c8fb' was completed in 12.33 seconds with the score of 918.30 (6 unrouted and 28 violations).
2026-09-20 17:03:13.246 INFO   [3EC59B\D2B876] Stopping optimizer because the improvement in this pass (0.0000%) is below the threshold (1.00%).
2026-09-20 17:03:13.373 INFO   [3EC59B\D2B876] Optimization stage completed: started with score 918.30 (6 unrouted and 28 violations), completed in 12.86 seconds, final score: 918.30 (6 unrouted and 28 violations), using 12.61 total CPU seconds, 94.06 GB total allocated, and 389.7 MB peak heap usage.
2026-09-20 17:03:13.382 INFO   [3EC59B\D2B876] Job '3EC59B\D2B876' finished with state: COMPLETED (elapsed: 40.22 seconds, finished at UTC: 2026-09-20T21:03:13.381279400Z).
2026-09-20 17:03:13.706 INFO   Saving output file 'C:\Users\diode\Documents\KiCad\10.0\projects\esp32-4to20ma-board\routing\work\esp32-4to20ma-board.ses' (SES)...
2026-09-20 17:03:13.707 INFO   Successfully saved output file 'C:\Users\diode\Documents\KiCad\10.0\projects\esp32-4to20ma-board\routing\work\esp32-4to20ma-board.ses' (47734 bytes).
